test	Set up job	﻿2025-08-18T21:31:07.5791374Z Current runner version: '2.327.1'
test	Set up job	2025-08-18T21:31:07.5815173Z ##[group]Runner Image Provisioner
test	Set up job	2025-08-18T21:31:07.5815974Z Hosted Compute Agent
test	Set up job	2025-08-18T21:31:07.5816532Z Version: 20250818.377
test	Set up job	2025-08-18T21:31:07.5817210Z Commit: 3c593e9f75fe0b87e893bca80d6e12ba089c61fc
test	Set up job	2025-08-18T21:31:07.5817881Z Build Date: 2025-08-18T14:52:18Z
test	Set up job	2025-08-18T21:31:07.5818479Z ##[endgroup]
test	Set up job	2025-08-18T21:31:07.5819045Z ##[group]Operating System
test	Set up job	2025-08-18T21:31:07.5819617Z Ubuntu
test	Set up job	2025-08-18T21:31:07.5820062Z 24.04.2
test	Set up job	2025-08-18T21:31:07.5820555Z LTS
test	Set up job	2025-08-18T21:31:07.5821002Z ##[endgroup]
test	Set up job	2025-08-18T21:31:07.5821503Z ##[group]Runner Image
test	Set up job	2025-08-18T21:31:07.5822115Z Image: ubuntu-24.04
test	Set up job	2025-08-18T21:31:07.5822744Z Version: 20250810.1.0
test	Set up job	2025-08-18T21:31:07.5823760Z Included Software: https://github.com/actions/runner-images/blob/ubuntu24/20250810.1/images/ubuntu/Ubuntu2404-Readme.md
test	Set up job	2025-08-18T21:31:07.5825082Z Image Release: https://github.com/actions/runner-images/releases/tag/ubuntu24%2F20250810.1
test	Set up job	2025-08-18T21:31:07.5826301Z ##[endgroup]
test	Set up job	2025-08-18T21:31:07.5827442Z ##[group]GITHUB_TOKEN Permissions
test	Set up job	2025-08-18T21:31:07.5829189Z Contents: read
test	Set up job	2025-08-18T21:31:07.5829735Z Metadata: read
test	Set up job	2025-08-18T21:31:07.5830312Z Packages: read
test	Set up job	2025-08-18T21:31:07.5830812Z ##[endgroup]
test	Set up job	2025-08-18T21:31:07.5833189Z Secret source: Actions
test	Set up job	2025-08-18T21:31:07.5834017Z Prepare workflow directory
test	Set up job	2025-08-18T21:31:07.6150252Z Prepare all required actions
test	Set up job	2025-08-18T21:31:07.6186831Z Getting action download info
test	Set up job	2025-08-18T21:31:08.0577725Z Download action repository 'actions/checkout@v4' (SHA:08eba0b27e820071cde6df949e0beb9ba4906955)
test	Set up job	2025-08-18T21:31:08.7061630Z Download action repository 'actions/setup-python@v5' (SHA:a26af69be951a213d495a4c3e4e4022e16d87065)
test	Set up job	2025-08-18T21:31:09.3789873Z Complete job name: test
test	Run actions/checkout@v4	﻿2025-08-18T21:31:09.4578101Z ##[group]Run actions/checkout@v4
test	Run actions/checkout@v4	2025-08-18T21:31:09.4579456Z with:
test	Run actions/checkout@v4	2025-08-18T21:31:09.4580383Z   repository: BradleyConlin/northstrike-training
test	Run actions/checkout@v4	2025-08-18T21:31:09.4581825Z   token: ***
test	Run actions/checkout@v4	2025-08-18T21:31:09.4582775Z   ssh-strict: true
test	Run actions/checkout@v4	2025-08-18T21:31:09.4583582Z   ssh-user: git
test	Run actions/checkout@v4	2025-08-18T21:31:09.4584387Z   persist-credentials: true
test	Run actions/checkout@v4	2025-08-18T21:31:09.4585295Z   clean: true
test	Run actions/checkout@v4	2025-08-18T21:31:09.4586108Z   sparse-checkout-cone-mode: true
test	Run actions/checkout@v4	2025-08-18T21:31:09.4587103Z   fetch-depth: 1
test	Run actions/checkout@v4	2025-08-18T21:31:09.4587979Z   fetch-tags: false
test	Run actions/checkout@v4	2025-08-18T21:31:09.4588799Z   show-progress: true
test	Run actions/checkout@v4	2025-08-18T21:31:09.4589614Z   lfs: false
test	Run actions/checkout@v4	2025-08-18T21:31:09.4590365Z   submodules: false
test	Run actions/checkout@v4	2025-08-18T21:31:09.4591211Z   set-safe-directory: true
test	Run actions/checkout@v4	2025-08-18T21:31:09.4592382Z ##[endgroup]
test	Run actions/checkout@v4	2025-08-18T21:31:09.5669857Z Syncing repository: BradleyConlin/northstrike-training
test	Run actions/checkout@v4	2025-08-18T21:31:09.5672583Z ##[group]Getting Git version info
test	Run actions/checkout@v4	2025-08-18T21:31:09.5674498Z Working directory is '/home/runner/work/northstrike-training/northstrike-training'
test	Run actions/checkout@v4	2025-08-18T21:31:09.5676765Z [command]/usr/bin/git version
test	Run actions/checkout@v4	2025-08-18T21:31:09.5707585Z git version 2.50.1
test	Run actions/checkout@v4	2025-08-18T21:31:09.5733267Z ##[endgroup]
test	Run actions/checkout@v4	2025-08-18T21:31:09.5747458Z Temporarily overriding HOME='/home/runner/work/_temp/fab60935-cc5e-4cf8-8583-e85b03be3dad' before making global git config changes
test	Run actions/checkout@v4	2025-08-18T21:31:09.5750260Z Adding repository directory to the temporary git global config as a safe directory
test	Run actions/checkout@v4	2025-08-18T21:31:09.5753542Z [command]/usr/bin/git config --global --add safe.directory /home/runner/work/northstrike-training/northstrike-training
test	Run actions/checkout@v4	2025-08-18T21:31:09.5784805Z Deleting the contents of '/home/runner/work/northstrike-training/northstrike-training'
test	Run actions/checkout@v4	2025-08-18T21:31:09.5787885Z ##[group]Initializing the repository
test	Run actions/checkout@v4	2025-08-18T21:31:09.5791942Z [command]/usr/bin/git init /home/runner/work/northstrike-training/northstrike-training
test	Run actions/checkout@v4	2025-08-18T21:31:09.5844939Z hint: Using 'master' as the name for the initial branch. This default branch name
test	Run actions/checkout@v4	2025-08-18T21:31:09.5848105Z hint: is subject to change. To configure the initial branch name to use in all
test	Run actions/checkout@v4	2025-08-18T21:31:09.5851639Z hint: of your new repositories, which will suppress this warning, call:
test	Run actions/checkout@v4	2025-08-18T21:31:09.5854501Z hint:
test	Run actions/checkout@v4	2025-08-18T21:31:09.5856632Z hint: 	git config --global init.defaultBranch <name>
test	Run actions/checkout@v4	2025-08-18T21:31:09.5858986Z hint:
test	Run actions/checkout@v4	2025-08-18T21:31:09.5861105Z hint: Names commonly chosen instead of 'master' are 'main', 'trunk' and
test	Run actions/checkout@v4	2025-08-18T21:31:09.5864447Z hint: 'development'. The just-created branch can be renamed via this command:
test	Run actions/checkout@v4	2025-08-18T21:31:09.5866851Z hint:
test	Run actions/checkout@v4	2025-08-18T21:31:09.5867739Z hint: 	git branch -m <name>
test	Run actions/checkout@v4	2025-08-18T21:31:09.5868624Z hint:
test	Run actions/checkout@v4	2025-08-18T21:31:09.5869803Z hint: Disable this message with "git config set advice.defaultBranchName false"
test	Run actions/checkout@v4	2025-08-18T21:31:09.5872815Z Initialized empty Git repository in /home/runner/work/northstrike-training/northstrike-training/.git/
test	Run actions/checkout@v4	2025-08-18T21:31:09.5878053Z [command]/usr/bin/git remote add origin https://github.com/BradleyConlin/northstrike-training
test	Run actions/checkout@v4	2025-08-18T21:31:09.5894329Z ##[endgroup]
test	Run actions/checkout@v4	2025-08-18T21:31:09.5896813Z ##[group]Disabling automatic garbage collection
test	Run actions/checkout@v4	2025-08-18T21:31:09.5899110Z [command]/usr/bin/git config --local gc.auto 0
test	Run actions/checkout@v4	2025-08-18T21:31:09.5928462Z ##[endgroup]
test	Run actions/checkout@v4	2025-08-18T21:31:09.5930736Z ##[group]Setting up auth
test	Run actions/checkout@v4	2025-08-18T21:31:09.5936006Z [command]/usr/bin/git config --local --name-only --get-regexp core\.sshCommand
test	Run actions/checkout@v4	2025-08-18T21:31:09.5968709Z [command]/usr/bin/git submodule foreach --recursive sh -c "git config --local --name-only --get-regexp 'core\.sshCommand' && git config --local --unset-all 'core.sshCommand' || :"
test	Run actions/checkout@v4	2025-08-18T21:31:09.6229835Z [command]/usr/bin/git config --local --name-only --get-regexp http\.https\:\/\/github\.com\/\.extraheader
test	Run actions/checkout@v4	2025-08-18T21:31:09.6264804Z [command]/usr/bin/git submodule foreach --recursive sh -c "git config --local --name-only --get-regexp 'http\.https\:\/\/github\.com\/\.extraheader' && git config --local --unset-all 'http.https://github.com/.extraheader' || :"
test	Run actions/checkout@v4	2025-08-18T21:31:09.6503278Z [command]/usr/bin/git config --local http.https://github.com/.extraheader AUTHORIZATION: basic ***
test	Run actions/checkout@v4	2025-08-18T21:31:09.6541341Z ##[endgroup]
test	Run actions/checkout@v4	2025-08-18T21:31:09.6543923Z ##[group]Fetching the repository
test	Run actions/checkout@v4	2025-08-18T21:31:09.6552514Z [command]/usr/bin/git -c protocol.version=2 fetch --no-tags --prune --no-recurse-submodules --depth=1 origin +034e3129c9e4fba82bccc16a6083f84b9cbf4f37:refs/remotes/pull/13/merge
test	Run actions/checkout@v4	2025-08-18T21:31:10.0834595Z From https://github.com/BradleyConlin/northstrike-training
test	Run actions/checkout@v4	2025-08-18T21:31:10.0838271Z  * [new ref]         034e3129c9e4fba82bccc16a6083f84b9cbf4f37 -> pull/13/merge
test	Run actions/checkout@v4	2025-08-18T21:31:10.0861489Z ##[endgroup]
test	Run actions/checkout@v4	2025-08-18T21:31:10.0863774Z ##[group]Determining the checkout info
test	Run actions/checkout@v4	2025-08-18T21:31:10.0865585Z ##[endgroup]
test	Run actions/checkout@v4	2025-08-18T21:31:10.0867465Z [command]/usr/bin/git sparse-checkout disable
test	Run actions/checkout@v4	2025-08-18T21:31:10.0904312Z [command]/usr/bin/git config --local --unset-all extensions.worktreeConfig
test	Run actions/checkout@v4	2025-08-18T21:31:10.0931705Z ##[group]Checking out the ref
test	Run actions/checkout@v4	2025-08-18T21:31:10.0934704Z [command]/usr/bin/git checkout --progress --force refs/remotes/pull/13/merge
test	Run actions/checkout@v4	2025-08-18T21:31:10.1041416Z Note: switching to 'refs/remotes/pull/13/merge'.
test	Run actions/checkout@v4	2025-08-18T21:31:10.1043127Z 
test	Run actions/checkout@v4	2025-08-18T21:31:10.1044350Z You are in 'detached HEAD' state. You can look around, make experimental
test	Run actions/checkout@v4	2025-08-18T21:31:10.1047241Z changes and commit them, and you can discard any commits you make in this
test	Run actions/checkout@v4	2025-08-18T21:31:10.1050458Z state without impacting any branches by switching back to a branch.
test	Run actions/checkout@v4	2025-08-18T21:31:10.1052803Z 
test	Run actions/checkout@v4	2025-08-18T21:31:10.1054110Z If you want to create a new branch to retain commits you create, you may
test	Run actions/checkout@v4	2025-08-18T21:31:10.1056875Z do so (now or later) by using -c with the switch command. Example:
test	Run actions/checkout@v4	2025-08-18T21:31:10.1058479Z 
test	Run actions/checkout@v4	2025-08-18T21:31:10.1059106Z   git switch -c <new-branch-name>
test	Run actions/checkout@v4	2025-08-18T21:31:10.1060149Z 
test	Run actions/checkout@v4	2025-08-18T21:31:10.1060736Z Or undo this operation with:
test	Run actions/checkout@v4	2025-08-18T21:31:10.1061709Z 
test	Run actions/checkout@v4	2025-08-18T21:31:10.1062050Z   git switch -
test	Run actions/checkout@v4	2025-08-18T21:31:10.1062492Z 
test	Run actions/checkout@v4	2025-08-18T21:31:10.1063538Z Turn off this advice by setting config variable advice.detachedHead to false
test	Run actions/checkout@v4	2025-08-18T21:31:10.1064638Z 
test	Run actions/checkout@v4	2025-08-18T21:31:10.1065900Z HEAD is now at 034e312 Merge d1cf21f5feffceb26eb05a2d0d5dad95dc6bbb25 into 42a0b1f03fe40c0c272c8893be2bb93ac6e0ff3c
test	Run actions/checkout@v4	2025-08-18T21:31:10.1070961Z ##[endgroup]
test	Run actions/checkout@v4	2025-08-18T21:31:10.1087747Z [command]/usr/bin/git log -1 --format=%H
test	Run actions/checkout@v4	2025-08-18T21:31:10.1109067Z 034e3129c9e4fba82bccc16a6083f84b9cbf4f37
test	Run actions/setup-python@v5	﻿2025-08-18T21:31:10.1391972Z ##[group]Run actions/setup-python@v5
test	Run actions/setup-python@v5	2025-08-18T21:31:10.1393369Z with:
test	Run actions/setup-python@v5	2025-08-18T21:31:10.1394074Z   python-version: 3.10
test	Run actions/setup-python@v5	2025-08-18T21:31:10.1394884Z   check-latest: false
test	Run actions/setup-python@v5	2025-08-18T21:31:10.1395897Z   token: ***
test	Run actions/setup-python@v5	2025-08-18T21:31:10.1396624Z   update-environment: true
test	Run actions/setup-python@v5	2025-08-18T21:31:10.1397485Z   allow-prereleases: false
test	Run actions/setup-python@v5	2025-08-18T21:31:10.1398334Z   freethreaded: false
test	Run actions/setup-python@v5	2025-08-18T21:31:10.1399098Z ##[endgroup]
test	Run actions/setup-python@v5	2025-08-18T21:31:10.3116656Z ##[group]Installed versions
test	Run actions/setup-python@v5	2025-08-18T21:31:10.3200461Z Successfully set up CPython (3.10.18)
test	Run actions/setup-python@v5	2025-08-18T21:31:10.3203075Z ##[endgroup]
test	Install deps	﻿2025-08-18T21:31:10.3328376Z ##[group]Run python -m pip install -U pip
test	Install deps	2025-08-18T21:31:10.3329177Z [36;1mpython -m pip install -U pip[0m
test	Install deps	2025-08-18T21:31:10.3329862Z [36;1mif [ -f requirements-dev.txt ]; then[0m
test	Install deps	2025-08-18T21:31:10.3330531Z [36;1m  pip install -r requirements-dev.txt[0m
test	Install deps	2025-08-18T21:31:10.3331144Z [36;1melse[0m
test	Install deps	2025-08-18T21:31:10.3331722Z [36;1m  pip install pytest numpy==1.26.4 pandas==2.2.2[0m
test	Install deps	2025-08-18T21:31:10.3332363Z [36;1mfi[0m
test	Install deps	2025-08-18T21:31:10.3456887Z shell: /usr/bin/bash -e {0}
test	Install deps	2025-08-18T21:31:10.3457509Z env:
test	Install deps	2025-08-18T21:31:10.3458119Z   pythonLocation: /opt/hostedtoolcache/Python/3.10.18/x64
test	Install deps	2025-08-18T21:31:10.3458943Z   PKG_CONFIG_PATH: /opt/hostedtoolcache/Python/3.10.18/x64/lib/pkgconfig
test	Install deps	2025-08-18T21:31:10.3459725Z   Python_ROOT_DIR: /opt/hostedtoolcache/Python/3.10.18/x64
test	Install deps	2025-08-18T21:31:10.3460467Z   Python2_ROOT_DIR: /opt/hostedtoolcache/Python/3.10.18/x64
test	Install deps	2025-08-18T21:31:10.3461209Z   Python3_ROOT_DIR: /opt/hostedtoolcache/Python/3.10.18/x64
test	Install deps	2025-08-18T21:31:10.3461957Z   LD_LIBRARY_PATH: /opt/hostedtoolcache/Python/3.10.18/x64/lib
test	Install deps	2025-08-18T21:31:10.3462798Z ##[endgroup]
test	Install deps	2025-08-18T21:31:12.2168763Z Requirement already satisfied: pip in /opt/hostedtoolcache/Python/3.10.18/x64/lib/python3.10/site-packages (25.2)
test	Install deps	2025-08-18T21:31:13.3280813Z Collecting black (from -r requirements-dev.txt (line 1))
test	Install deps	2025-08-18T21:31:13.3589983Z   Downloading black-25.1.0-cp310-cp310-manylinux_2_17_x86_64.manylinux2014_x86_64.manylinux_2_28_x86_64.whl.metadata (81 kB)
test	Install deps	2025-08-18T21:31:13.4226901Z Collecting isort (from -r requirements-dev.txt (line 2))
test	Install deps	2025-08-18T21:31:13.4255843Z   Downloading isort-6.0.1-py3-none-any.whl.metadata (11 kB)
test	Install deps	2025-08-18T21:31:13.4521076Z Collecting flake8 (from -r requirements-dev.txt (line 3))
test	Install deps	2025-08-18T21:31:13.4555618Z   Downloading flake8-7.3.0-py2.py3-none-any.whl.metadata (3.8 kB)
test	Install deps	2025-08-18T21:31:13.4975531Z Collecting pytest (from -r requirements-dev.txt (line 4))
test	Install deps	2025-08-18T21:31:13.5005071Z   Downloading pytest-8.4.1-py3-none-any.whl.metadata (7.7 kB)
test	Install deps	2025-08-18T21:31:13.5470163Z Collecting pre-commit (from -r requirements-dev.txt (line 5))
test	Install deps	2025-08-18T21:31:13.5501481Z   Downloading pre_commit-4.3.0-py2.py3-none-any.whl.metadata (1.2 kB)
test	Install deps	2025-08-18T21:31:13.7555728Z Collecting numpy==1.26.4 (from -r requirements-dev.txt (line 7))
test	Install deps	2025-08-18T21:31:13.7584161Z   Downloading numpy-1.26.4-cp310-cp310-manylinux_2_17_x86_64.manylinux2014_x86_64.whl.metadata (61 kB)
test	Install deps	2025-08-18T21:31:13.8892078Z Collecting pandas==2.2.2 (from -r requirements-dev.txt (line 8))
test	Install deps	2025-08-18T21:31:13.8923926Z   Downloading pandas-2.2.2-cp310-cp310-manylinux_2_17_x86_64.manylinux2014_x86_64.whl.metadata (19 kB)
test	Install deps	2025-08-18T21:31:13.9429532Z Collecting pytest-cov (from -r requirements-dev.txt (line 9))
test	Install deps	2025-08-18T21:31:13.9456278Z   Downloading pytest_cov-6.2.1-py3-none-any.whl.metadata (30 kB)
test	Install deps	2025-08-18T21:31:13.9670030Z Collecting python-dateutil>=2.8.2 (from pandas==2.2.2->-r requirements-dev.txt (line 8))
test	Install deps	2025-08-18T21:31:13.9695618Z   Downloading python_dateutil-2.9.0.post0-py2.py3-none-any.whl.metadata (8.4 kB)
test	Install deps	2025-08-18T21:31:14.0328422Z Collecting pytz>=2020.1 (from pandas==2.2.2->-r requirements-dev.txt (line 8))
test	Install deps	2025-08-18T21:31:14.0355345Z   Downloading pytz-2025.2-py2.py3-none-any.whl.metadata (22 kB)
test	Install deps	2025-08-18T21:31:14.0500083Z Collecting tzdata>=2022.7 (from pandas==2.2.2->-r requirements-dev.txt (line 8))
test	Install deps	2025-08-18T21:31:14.0526347Z   Downloading tzdata-2025.2-py2.py3-none-any.whl.metadata (1.4 kB)
test	Install deps	2025-08-18T21:31:14.0710571Z Collecting click>=8.0.0 (from black->-r requirements-dev.txt (line 1))
test	Install deps	2025-08-18T21:31:14.0745454Z   Downloading click-8.2.1-py3-none-any.whl.metadata (2.5 kB)
test	Install deps	2025-08-18T21:31:14.0846450Z Collecting mypy-extensions>=0.4.3 (from black->-r requirements-dev.txt (line 1))
test	Install deps	2025-08-18T21:31:14.0871943Z   Downloading mypy_extensions-1.1.0-py3-none-any.whl.metadata (1.1 kB)
test	Install deps	2025-08-18T21:31:14.1029644Z Collecting packaging>=22.0 (from black->-r requirements-dev.txt (line 1))
test	Install deps	2025-08-18T21:31:14.1054027Z   Downloading packaging-25.0-py3-none-any.whl.metadata (3.3 kB)
test	Install deps	2025-08-18T21:31:14.1173764Z Collecting pathspec>=0.9.0 (from black->-r requirements-dev.txt (line 1))
test	Install deps	2025-08-18T21:31:14.1198830Z   Downloading pathspec-0.12.1-py3-none-any.whl.metadata (21 kB)
test	Install deps	2025-08-18T21:31:14.1406482Z Collecting platformdirs>=2 (from black->-r requirements-dev.txt (line 1))
test	Install deps	2025-08-18T21:31:14.1430817Z   Downloading platformdirs-4.3.8-py3-none-any.whl.metadata (12 kB)
test	Install deps	2025-08-18T21:31:14.1607948Z Collecting tomli>=1.1.0 (from black->-r requirements-dev.txt (line 1))
test	Install deps	2025-08-18T21:31:14.1632500Z   Downloading tomli-2.2.1-py3-none-any.whl.metadata (10 kB)
test	Install deps	2025-08-18T21:31:14.1823194Z Collecting typing-extensions>=4.0.1 (from black->-r requirements-dev.txt (line 1))
test	Install deps	2025-08-18T21:31:14.1849056Z   Downloading typing_extensions-4.14.1-py3-none-any.whl.metadata (3.0 kB)
test	Install deps	2025-08-18T21:31:14.1961657Z Collecting mccabe<0.8.0,>=0.7.0 (from flake8->-r requirements-dev.txt (line 3))
test	Install deps	2025-08-18T21:31:14.1989390Z   Downloading mccabe-0.7.0-py2.py3-none-any.whl.metadata (5.0 kB)
test	Install deps	2025-08-18T21:31:14.2108782Z Collecting pycodestyle<2.15.0,>=2.14.0 (from flake8->-r requirements-dev.txt (line 3))
test	Install deps	2025-08-18T21:31:14.2136190Z   Downloading pycodestyle-2.14.0-py2.py3-none-any.whl.metadata (4.5 kB)
test	Install deps	2025-08-18T21:31:14.2286272Z Collecting pyflakes<3.5.0,>=3.4.0 (from flake8->-r requirements-dev.txt (line 3))
test	Install deps	2025-08-18T21:31:14.2309531Z   Downloading pyflakes-3.4.0-py2.py3-none-any.whl.metadata (3.5 kB)
test	Install deps	2025-08-18T21:31:14.2478821Z Collecting exceptiongroup>=1 (from pytest->-r requirements-dev.txt (line 4))
test	Install deps	2025-08-18T21:31:14.2503444Z   Downloading exceptiongroup-1.3.0-py3-none-any.whl.metadata (6.7 kB)
test	Install deps	2025-08-18T21:31:14.2622507Z Collecting iniconfig>=1 (from pytest->-r requirements-dev.txt (line 4))
test	Install deps	2025-08-18T21:31:14.2648053Z   Downloading iniconfig-2.1.0-py3-none-any.whl.metadata (2.7 kB)
test	Install deps	2025-08-18T21:31:14.2815885Z Collecting pluggy<2,>=1.5 (from pytest->-r requirements-dev.txt (line 4))
test	Install deps	2025-08-18T21:31:14.2840255Z   Downloading pluggy-1.6.0-py3-none-any.whl.metadata (4.8 kB)
test	Install deps	2025-08-18T21:31:14.3072035Z Collecting pygments>=2.7.2 (from pytest->-r requirements-dev.txt (line 4))
test	Install deps	2025-08-18T21:31:14.3096686Z   Downloading pygments-2.19.2-py3-none-any.whl.metadata (2.5 kB)
test	Install deps	2025-08-18T21:31:14.3263256Z Collecting cfgv>=2.0.0 (from pre-commit->-r requirements-dev.txt (line 5))
test	Install deps	2025-08-18T21:31:14.3287516Z   Downloading cfgv-3.4.0-py2.py3-none-any.whl.metadata (8.5 kB)
test	Install deps	2025-08-18T21:31:14.3788113Z Collecting identify>=1.0.0 (from pre-commit->-r requirements-dev.txt (line 5))
test	Install deps	2025-08-18T21:31:14.3811080Z   Downloading identify-2.6.13-py2.py3-none-any.whl.metadata (4.4 kB)
test	Install deps	2025-08-18T21:31:14.4125572Z Collecting nodeenv>=0.11.1 (from pre-commit->-r requirements-dev.txt (line 5))
test	Install deps	2025-08-18T21:31:14.4157606Z   Downloading nodeenv-1.9.1-py2.py3-none-any.whl.metadata (21 kB)
test	Install deps	2025-08-18T21:31:14.4568331Z Collecting pyyaml>=5.1 (from pre-commit->-r requirements-dev.txt (line 5))
test	Install deps	2025-08-18T21:31:14.4598657Z   Downloading PyYAML-6.0.2-cp310-cp310-manylinux_2_17_x86_64.manylinux2014_x86_64.whl.metadata (2.1 kB)
test	Install deps	2025-08-18T21:31:14.5088572Z Collecting virtualenv>=20.10.0 (from pre-commit->-r requirements-dev.txt (line 5))
test	Install deps	2025-08-18T21:31:14.5115108Z   Downloading virtualenv-20.34.0-py3-none-any.whl.metadata (4.6 kB)
test	Install deps	2025-08-18T21:31:14.9303456Z Collecting coverage>=7.5 (from coverage[toml]>=7.5->pytest-cov->-r requirements-dev.txt (line 9))
test	Install deps	2025-08-18T21:31:14.9335393Z   Downloading coverage-7.10.4-cp310-cp310-manylinux1_x86_64.manylinux_2_28_x86_64.manylinux_2_5_x86_64.whl.metadata (8.9 kB)
test	Install deps	2025-08-18T21:31:14.9733506Z Collecting six>=1.5 (from python-dateutil>=2.8.2->pandas==2.2.2->-r requirements-dev.txt (line 8))
test	Install deps	2025-08-18T21:31:14.9760079Z   Downloading six-1.17.0-py2.py3-none-any.whl.metadata (1.7 kB)
test	Install deps	2025-08-18T21:31:14.9974922Z Collecting distlib<1,>=0.3.7 (from virtualenv>=20.10.0->pre-commit->-r requirements-dev.txt (line 5))
test	Install deps	2025-08-18T21:31:15.0001185Z   Downloading distlib-0.4.0-py2.py3-none-any.whl.metadata (5.2 kB)
test	Install deps	2025-08-18T21:31:15.0216442Z Collecting filelock<4,>=3.12.2 (from virtualenv>=20.10.0->pre-commit->-r requirements-dev.txt (line 5))
test	Install deps	2025-08-18T21:31:15.0242308Z   Downloading filelock-3.19.1-py3-none-any.whl.metadata (2.1 kB)
test	Install deps	2025-08-18T21:31:15.0422795Z Downloading numpy-1.26.4-cp310-cp310-manylinux_2_17_x86_64.manylinux2014_x86_64.whl (18.2 MB)
test	Install deps	2025-08-18T21:31:15.1316555Z    ━━━━━━━━━━━━━━━━━━━━━━━━━━━━━━━━━━━━━━━━ 18.2/18.2 MB 210.5 MB/s  0:00:00
test	Install deps	2025-08-18T21:31:15.1354552Z Downloading pandas-2.2.2-cp310-cp310-manylinux_2_17_x86_64.manylinux2014_x86_64.whl (13.0 MB)
test	Install deps	2025-08-18T21:31:15.2012081Z    ━━━━━━━━━━━━━━━━━━━━━━━━━━━━━━━━━━━━━━━━ 13.0/13.0 MB 202.8 MB/s  0:00:00
test	Install deps	2025-08-18T21:31:15.2060486Z Downloading black-25.1.0-cp310-cp310-manylinux_2_17_x86_64.manylinux2014_x86_64.manylinux_2_28_x86_64.whl (1.8 MB)
test	Install deps	2025-08-18T21:31:15.2173315Z    ━━━━━━━━━━━━━━━━━━━━━━━━━━━━━━━━━━━━━━━━ 1.8/1.8 MB 170.2 MB/s  0:00:00
test	Install deps	2025-08-18T21:31:15.2199560Z Downloading isort-6.0.1-py3-none-any.whl (94 kB)
test	Install deps	2025-08-18T21:31:15.2246990Z Downloading flake8-7.3.0-py2.py3-none-any.whl (57 kB)
test	Install deps	2025-08-18T21:31:15.2293625Z Downloading mccabe-0.7.0-py2.py3-none-any.whl (7.3 kB)
test	Install deps	2025-08-18T21:31:15.2335788Z Downloading pycodestyle-2.14.0-py2.py3-none-any.whl (31 kB)
test	Install deps	2025-08-18T21:31:15.2380395Z Downloading pyflakes-3.4.0-py2.py3-none-any.whl (63 kB)
test	Install deps	2025-08-18T21:31:15.2425378Z Downloading pytest-8.4.1-py3-none-any.whl (365 kB)
test	Install deps	2025-08-18T21:31:15.2484223Z Downloading pluggy-1.6.0-py3-none-any.whl (20 kB)
test	Install deps	2025-08-18T21:31:15.2530018Z Downloading pre_commit-4.3.0-py2.py3-none-any.whl (220 kB)
test	Install deps	2025-08-18T21:31:15.2583155Z Downloading pytest_cov-6.2.1-py3-none-any.whl (24 kB)
test	Install deps	2025-08-18T21:31:15.2628990Z Downloading cfgv-3.4.0-py2.py3-none-any.whl (7.2 kB)
test	Install deps	2025-08-18T21:31:15.2674849Z Downloading click-8.2.1-py3-none-any.whl (102 kB)
test	Install deps	2025-08-18T21:31:15.2721550Z Downloading coverage-7.10.4-cp310-cp310-manylinux1_x86_64.manylinux_2_28_x86_64.manylinux_2_5_x86_64.whl (245 kB)
test	Install deps	2025-08-18T21:31:15.2778280Z Downloading exceptiongroup-1.3.0-py3-none-any.whl (16 kB)
test	Install deps	2025-08-18T21:31:15.2820272Z Downloading identify-2.6.13-py2.py3-none-any.whl (99 kB)
test	Install deps	2025-08-18T21:31:15.2876309Z Downloading iniconfig-2.1.0-py3-none-any.whl (6.0 kB)
test	Install deps	2025-08-18T21:31:15.2921115Z Downloading mypy_extensions-1.1.0-py3-none-any.whl (5.0 kB)
test	Install deps	2025-08-18T21:31:15.2967517Z Downloading nodeenv-1.9.1-py2.py3-none-any.whl (22 kB)
test	Install deps	2025-08-18T21:31:15.3010908Z Downloading packaging-25.0-py3-none-any.whl (66 kB)
test	Install deps	2025-08-18T21:31:15.3061549Z Downloading pathspec-0.12.1-py3-none-any.whl (31 kB)
test	Install deps	2025-08-18T21:31:15.3105787Z Downloading platformdirs-4.3.8-py3-none-any.whl (18 kB)
test	Install deps	2025-08-18T21:31:15.3152481Z Downloading pygments-2.19.2-py3-none-any.whl (1.2 MB)
test	Install deps	2025-08-18T21:31:15.3249138Z    ━━━━━━━━━━━━━━━━━━━━━━━━━━━━━━━━━━━━━━━━ 1.2/1.2 MB 140.7 MB/s  0:00:00
test	Install deps	2025-08-18T21:31:15.3272076Z Downloading python_dateutil-2.9.0.post0-py2.py3-none-any.whl (229 kB)
test	Install deps	2025-08-18T21:31:15.3325090Z Downloading pytz-2025.2-py2.py3-none-any.whl (509 kB)
test	Install deps	2025-08-18T21:31:15.3393585Z Downloading PyYAML-6.0.2-cp310-cp310-manylinux_2_17_x86_64.manylinux2014_x86_64.whl (751 kB)
test	Install deps	2025-08-18T21:31:15.3459353Z    ━━━━━━━━━━━━━━━━━━━━━━━━━━━━━━━━━━━━━━━━ 751.2/751.2 kB 117.4 MB/s  0:00:00
test	Install deps	2025-08-18T21:31:15.3482255Z Downloading six-1.17.0-py2.py3-none-any.whl (11 kB)
test	Install deps	2025-08-18T21:31:15.3525174Z Downloading tomli-2.2.1-py3-none-any.whl (14 kB)
test	Install deps	2025-08-18T21:31:15.3569116Z Downloading typing_extensions-4.14.1-py3-none-any.whl (43 kB)
test	Install deps	2025-08-18T21:31:15.3614297Z Downloading tzdata-2025.2-py2.py3-none-any.whl (347 kB)
test	Install deps	2025-08-18T21:31:15.3671217Z Downloading virtualenv-20.34.0-py3-none-any.whl (6.0 MB)
test	Install deps	2025-08-18T21:31:15.3965038Z    ━━━━━━━━━━━━━━━━━━━━━━━━━━━━━━━━━━━━━━━━ 6.0/6.0 MB 213.5 MB/s  0:00:00
test	Install deps	2025-08-18T21:31:15.3994334Z Downloading distlib-0.4.0-py2.py3-none-any.whl (469 kB)
test	Install deps	2025-08-18T21:31:15.4063538Z Downloading filelock-3.19.1-py3-none-any.whl (15 kB)
test	Install deps	2025-08-18T21:31:15.6116014Z Installing collected packages: pytz, distlib, tzdata, typing-extensions, tomli, six, pyyaml, pygments, pyflakes, pycodestyle, pluggy, platformdirs, pathspec, packaging, numpy, nodeenv, mypy-extensions, mccabe, isort, iniconfig, identify, filelock, coverage, click, cfgv, virtualenv, python-dateutil, flake8, exceptiongroup, black, pytest, pre-commit, pandas, pytest-cov
test	Install deps	2025-08-18T21:31:23.1338227Z 
test	Install deps	2025-08-18T21:31:23.1399242Z Successfully installed black-25.1.0 cfgv-3.4.0 click-8.2.1 coverage-7.10.4 distlib-0.4.0 exceptiongroup-1.3.0 filelock-3.19.1 flake8-7.3.0 identify-2.6.13 iniconfig-2.1.0 isort-6.0.1 mccabe-0.7.0 mypy-extensions-1.1.0 nodeenv-1.9.1 numpy-1.26.4 packaging-25.0 pandas-2.2.2 pathspec-0.12.1 platformdirs-4.3.8 pluggy-1.6.0 pre-commit-4.3.0 pycodestyle-2.14.0 pyflakes-3.4.0 pygments-2.19.2 pytest-8.4.1 pytest-cov-6.2.1 python-dateutil-2.9.0.post0 pytz-2025.2 pyyaml-6.0.2 six-1.17.0 tomli-2.2.1 typing-extensions-4.14.1 tzdata-2025.2 virtualenv-20.34.0
test	Run tests	﻿2025-08-18T21:31:23.2886257Z ##[group]Run pytest -q
test	Run tests	2025-08-18T21:31:23.2886521Z [36;1mpytest -q[0m
test	Run tests	2025-08-18T21:31:23.2929051Z shell: /usr/bin/bash -e {0}
test	Run tests	2025-08-18T21:31:23.2929274Z env:
test	Run tests	2025-08-18T21:31:23.2929508Z   pythonLocation: /opt/hostedtoolcache/Python/3.10.18/x64
test	Run tests	2025-08-18T21:31:23.2929915Z   PKG_CONFIG_PATH: /opt/hostedtoolcache/Python/3.10.18/x64/lib/pkgconfig
test	Run tests	2025-08-18T21:31:23.2930310Z   Python_ROOT_DIR: /opt/hostedtoolcache/Python/3.10.18/x64
test	Run tests	2025-08-18T21:31:23.2930665Z   Python2_ROOT_DIR: /opt/hostedtoolcache/Python/3.10.18/x64
test	Run tests	2025-08-18T21:31:23.2931031Z   Python3_ROOT_DIR: /opt/hostedtoolcache/Python/3.10.18/x64
test	Run tests	2025-08-18T21:31:23.2931374Z   LD_LIBRARY_PATH: /opt/hostedtoolcache/Python/3.10.18/x64/lib
test	Run tests	2025-08-18T21:31:23.2931663Z ##[endgroup]
test	Run tests	2025-08-18T21:31:24.7534202Z .....F.....F.......                                                      [100%]
test	Run tests	2025-08-18T21:31:24.7535088Z =================================== FAILURES ===================================
test	Run tests	2025-08-18T21:31:24.7535749Z ______________ test_imports[scripts.evaluation.log_dummy_metrics] ______________
test	Run tests	2025-08-18T21:31:24.7536338Z 
test	Run tests	2025-08-18T21:31:24.7536527Z mod = 'scripts.evaluation.log_dummy_metrics'
test	Run tests	2025-08-18T21:31:24.7536857Z 
test	Run tests	2025-08-18T21:31:24.7537039Z     @pytest.mark.parametrize("mod", SCRIPTS)
test	Run tests	2025-08-18T21:31:24.7537490Z     def test_imports(mod):
test	Run tests	2025-08-18T21:31:24.7537869Z >       importlib.import_module(mod)
test	Run tests	2025-08-18T21:31:24.7538159Z 
test	Run tests	2025-08-18T21:31:24.7538304Z tests/test_cli_smoke.py:19: 
test	Run tests	2025-08-18T21:31:24.7538720Z _ _ _ _ _ _ _ _ _ _ _ _ _ _ _ _ _ _ _ _ _ _ _ _ _ _ _ _ _ _ _ _ _ _ _ _ _ _ _ _ 
test	Run tests	2025-08-18T21:31:24.7539492Z /opt/hostedtoolcache/Python/3.10.18/x64/lib/python3.10/importlib/__init__.py:126: in import_module
test	Run tests	2025-08-18T21:31:24.7540295Z     return _bootstrap._gcd_import(name[level:], package, level)
test	Run tests	2025-08-18T21:31:24.7540812Z <frozen importlib._bootstrap>:1050: in _gcd_import
test	Run tests	2025-08-18T21:31:24.7541209Z     ???
test	Run tests	2025-08-18T21:31:24.7541510Z <frozen importlib._bootstrap>:1027: in _find_and_load
test	Run tests	2025-08-18T21:31:24.7541922Z     ???
test	Run tests	2025-08-18T21:31:24.7542273Z <frozen importlib._bootstrap>:1006: in _find_and_load_unlocked
test	Run tests	2025-08-18T21:31:24.7542958Z     ???
test	Run tests	2025-08-18T21:31:24.7543317Z <frozen importlib._bootstrap>:688: in _load_unlocked
test	Run tests	2025-08-18T21:31:24.7543725Z     ???
test	Run tests	2025-08-18T21:31:24.7544055Z <frozen importlib._bootstrap_external>:883: in exec_module
test	Run tests	2025-08-18T21:31:24.7544821Z     ???
test	Run tests	2025-08-18T21:31:24.7545179Z <frozen importlib._bootstrap>:241: in _call_with_frames_removed
test	Run tests	2025-08-18T21:31:24.7545622Z     ???
test	Run tests	2025-08-18T21:31:24.7545936Z _ _ _ _ _ _ _ _ _ _ _ _ _ _ _ _ _ _ _ _ _ _ _ _ _ _ _ _ _ _ _ _ _ _ _ _ _ _ _ _ 
test	Run tests	2025-08-18T21:31:24.7546270Z 
test	Run tests	2025-08-18T21:31:24.7546410Z     #!/usr/bin/env python3
test	Run tests	2025-08-18T21:31:24.7546734Z     import os
test	Run tests	2025-08-18T21:31:24.7546982Z     import random
test	Run tests	2025-08-18T21:31:24.7547255Z     
test	Run tests	2025-08-18T21:31:24.7547476Z     try:
test	Run tests	2025-08-18T21:31:24.7547718Z         import mlflow
test	Run tests	2025-08-18T21:31:24.7548019Z     except Exception:
test	Run tests	2025-08-18T21:31:24.7548395Z         mlflow = None  # optional for --help/import in CI
test	Run tests	2025-08-18T21:31:24.7548829Z     if mlflow is not None:
test	Run tests	2025-08-18T21:31:24.7549118Z         try:
test	Run tests	2025-08-18T21:31:24.7549640Z             mlflow.set_tracking_uri(os.getenv("MLFLOW_TRACKING_URI", "http://127.0.0.1:5000"))
test	Run tests	2025-08-18T21:31:24.7550207Z         except Exception:
test	Run tests	2025-08-18T21:31:24.7550508Z             pass
test	Run tests	2025-08-18T21:31:24.7550794Z     if mlflow is not None:
test	Run tests	2025-08-18T21:31:24.7551095Z         try:
test	Run tests	2025-08-18T21:31:24.7551387Z             mlflow.set_experiment("sanity")
test	Run tests	2025-08-18T21:31:24.7551763Z         except Exception:
test	Run tests	2025-08-18T21:31:24.7552067Z             pass
test	Run tests	2025-08-18T21:31:24.7552358Z >   with mlflow.start_run(run_name="dummy"):
test	Run tests	2025-08-18T21:31:24.7553089Z E   AttributeError: 'NoneType' object has no attribute 'start_run'
test	Run tests	2025-08-18T21:31:24.7553463Z 
test	Run tests	2025-08-18T21:31:24.7553689Z scripts/evaluation/log_dummy_metrics.py:19: AttributeError
test	Run tests	2025-08-18T21:31:24.7554317Z _____________ test_help_runs[scripts.evaluation.log_dummy_metrics] _____________
test	Run tests	2025-08-18T21:31:24.7555005Z 
test	Run tests	2025-08-18T21:31:24.7555170Z mod = 'scripts.evaluation.log_dummy_metrics'
test	Run tests	2025-08-18T21:31:24.7555719Z monkeypatch = <_pytest.monkeypatch.MonkeyPatch object at 0x7ff644634400>
test	Run tests	2025-08-18T21:31:24.7556140Z 
test	Run tests	2025-08-18T21:31:24.7556306Z     @pytest.mark.parametrize("mod", SCRIPTS)
test	Run tests	2025-08-18T21:31:24.7556704Z     def test_help_runs(mod, monkeypatch):
test	Run tests	2025-08-18T21:31:24.7557221Z         # Run the module as a script with --help; argparse should exit cleanly.
test	Run tests	2025-08-18T21:31:24.7557898Z         monkeypatch.setattr(sys, "argv", [mod.rsplit(".", 1)[-1], "--help"])
test	Run tests	2025-08-18T21:31:24.7558432Z         with pytest.raises(SystemExit):
test	Run tests	2025-08-18T21:31:24.7558843Z >           runpy.run_module(mod, run_name="__main__")
test	Run tests	2025-08-18T21:31:24.7559125Z 
test	Run tests	2025-08-18T21:31:24.7559246Z tests/test_cli_smoke.py:27: 
test	Run tests	2025-08-18T21:31:24.7559631Z _ _ _ _ _ _ _ _ _ _ _ _ _ _ _ _ _ _ _ _ _ _ _ _ _ _ _ _ _ _ _ _ _ _ _ _ _ _ _ _ 
test	Run tests	2025-08-18T21:31:24.7560268Z /opt/hostedtoolcache/Python/3.10.18/x64/lib/python3.10/runpy.py:227: in run_module
test	Run tests	2025-08-18T21:31:24.7560947Z     return _run_code(code, {}, init_globals, run_name, mod_spec)
test	Run tests	2025-08-18T21:31:24.7561604Z /opt/hostedtoolcache/Python/3.10.18/x64/lib/python3.10/runpy.py:86: in _run_code
test	Run tests	2025-08-18T21:31:24.7562187Z     exec(code, run_globals)
test	Run tests	2025-08-18T21:31:24.7562561Z _ _ _ _ _ _ _ _ _ _ _ _ _ _ _ _ _ _ _ _ _ _ _ _ _ _ _ _ _ _ _ _ _ _ _ _ _ _ _ _ 
test	Run tests	2025-08-18T21:31:24.7563031Z 
test	Run tests	2025-08-18T21:31:24.7563147Z     #!/usr/bin/env python3
test	Run tests	2025-08-18T21:31:24.7563446Z     import os
test	Run tests	2025-08-18T21:31:24.7563690Z     import random
test	Run tests	2025-08-18T21:31:24.7563946Z     
test	Run tests	2025-08-18T21:31:24.7564188Z     try:
test	Run tests	2025-08-18T21:31:24.7564535Z         import mlflow
test	Run tests	2025-08-18T21:31:24.7564828Z     except Exception:
test	Run tests	2025-08-18T21:31:24.7565171Z         mlflow = None  # optional for --help/import in CI
test	Run tests	2025-08-18T21:31:24.7565599Z     if mlflow is not None:
test	Run tests	2025-08-18T21:31:24.7565888Z         try:
test	Run tests	2025-08-18T21:31:24.7566362Z             mlflow.set_tracking_uri(os.getenv("MLFLOW_TRACKING_URI", "http://127.0.0.1:5000"))
test	Run tests	2025-08-18T21:31:24.7566952Z         except Exception:
test	Run tests	2025-08-18T21:31:24.7567246Z             pass
test	Run tests	2025-08-18T21:31:24.7567512Z     if mlflow is not None:
test	Run tests	2025-08-18T21:31:24.7567801Z         try:
test	Run tests	2025-08-18T21:31:24.7568077Z             mlflow.set_experiment("sanity")
test	Run tests	2025-08-18T21:31:24.7568643Z         except Exception:
test	Run tests	2025-08-18T21:31:24.7568936Z             pass
test	Run tests	2025-08-18T21:31:24.7569247Z >   with mlflow.start_run(run_name="dummy"):
test	Run tests	2025-08-18T21:31:24.7569765Z E   AttributeError: 'NoneType' object has no attribute 'start_run'
test	Run tests	2025-08-18T21:31:24.7570140Z 
test	Run tests	2025-08-18T21:31:24.7570358Z scripts/evaluation/log_dummy_metrics.py:19: AttributeError
test	Run tests	2025-08-18T21:31:24.7570873Z =============================== warnings summary ===============================
test	Run tests	2025-08-18T21:31:24.7571584Z tests/test_cli_smoke.py::test_help_runs[scripts.evaluation.assert_hover_kpis]
test	Run tests	2025-08-18T21:31:24.7573592Z   /opt/hostedtoolcache/Python/3.10.18/x64/lib/python3.10/runpy.py:126: RuntimeWarning: 'scripts.evaluation.assert_hover_kpis' found in sys.modules after import of package 'scripts.evaluation', but prior to execution of 'scripts.evaluation.assert_hover_kpis'; this may result in unpredictable behaviour
test	Run tests	2025-08-18T21:31:24.7575231Z     warn(RuntimeWarning(msg))
test	Run tests	2025-08-18T21:31:24.7575467Z 
test	Run tests	2025-08-18T21:31:24.7575782Z tests/test_cli_smoke.py::test_help_runs[scripts.evaluation.assert_mission_kpis]
test	Run tests	2025-08-18T21:31:24.7577552Z   /opt/hostedtoolcache/Python/3.10.18/x64/lib/python3.10/runpy.py:126: RuntimeWarning: 'scripts.evaluation.assert_mission_kpis' found in sys.modules after import of package 'scripts.evaluation', but prior to execution of 'scripts.evaluation.assert_mission_kpis'; this may result in unpredictable behaviour
test	Run tests	2025-08-18T21:31:24.7579177Z     warn(RuntimeWarning(msg))
test	Run tests	2025-08-18T21:31:24.7579445Z 
test	Run tests	2025-08-18T21:31:24.7579730Z tests/test_cli_smoke.py::test_help_runs[scripts.evaluation.eval_perception]
test	Run tests	2025-08-18T21:31:24.7581464Z   /opt/hostedtoolcache/Python/3.10.18/x64/lib/python3.10/runpy.py:126: RuntimeWarning: 'scripts.evaluation.eval_perception' found in sys.modules after import of package 'scripts.evaluation', but prior to execution of 'scripts.evaluation.eval_perception'; this may result in unpredictable behaviour
test	Run tests	2025-08-18T21:31:24.7583388Z     warn(RuntimeWarning(msg))
test	Run tests	2025-08-18T21:31:24.7583615Z 
test	Run tests	2025-08-18T21:31:24.7583899Z tests/test_cli_smoke.py::test_help_runs[scripts.evaluation.hover_kpi_report]
test	Run tests	2025-08-18T21:31:24.7585635Z   /opt/hostedtoolcache/Python/3.10.18/x64/lib/python3.10/runpy.py:126: RuntimeWarning: 'scripts.evaluation.hover_kpi_report' found in sys.modules after import of package 'scripts.evaluation', but prior to execution of 'scripts.evaluation.hover_kpi_report'; this may result in unpredictable behaviour
test	Run tests	2025-08-18T21:31:24.7587229Z     warn(RuntimeWarning(msg))
test	Run tests	2025-08-18T21:31:24.7587444Z 
test	Run tests	2025-08-18T21:31:24.7587745Z tests/test_cli_smoke.py::test_help_runs[scripts.evaluation.waypoint_kpi_report]
test	Run tests	2025-08-18T21:31:24.7589518Z   /opt/hostedtoolcache/Python/3.10.18/x64/lib/python3.10/runpy.py:126: RuntimeWarning: 'scripts.evaluation.waypoint_kpi_report' found in sys.modules after import of package 'scripts.evaluation', but prior to execution of 'scripts.evaluation.waypoint_kpi_report'; this may result in unpredictable behaviour
test	Run tests	2025-08-18T21:31:24.7591214Z     warn(RuntimeWarning(msg))
test	Run tests	2025-08-18T21:31:24.7591454Z 
test	Run tests	2025-08-18T21:31:24.7591741Z -- Docs: https://docs.pytest.org/en/stable/how-to/capture-warnings.html
test	Run tests	2025-08-18T21:31:24.7592347Z =========================== short test summary info ============================
test	Run tests	2025-08-18T21:31:24.7593516Z FAILED tests/test_cli_smoke.py::test_imports[scripts.evaluation.log_dummy_metrics] - AttributeError: 'NoneType' object has no attribute 'start_run'
test	Run tests	2025-08-18T21:31:24.7594944Z FAILED tests/test_cli_smoke.py::test_help_runs[scripts.evaluation.log_dummy_metrics] - AttributeError: 'NoneType' object has no attribute 'start_run'
test	Run tests	2025-08-18T21:31:24.7595886Z 2 failed, 17 passed, 5 warnings in 0.95s
test	Run tests	2025-08-18T21:31:24.8057820Z ##[error]Process completed with exit code 1.
test	Post Run actions/checkout@v4	﻿2025-08-18T21:31:24.8149611Z Post job cleanup.
test	Post Run actions/checkout@v4	2025-08-18T21:31:24.9079666Z [command]/usr/bin/git version
test	Post Run actions/checkout@v4	2025-08-18T21:31:24.9122001Z git version 2.50.1
test	Post Run actions/checkout@v4	2025-08-18T21:31:24.9165709Z Temporarily overriding HOME='/home/runner/work/_temp/b06da3a4-1d16-406a-b99a-e44567484252' before making global git config changes
test	Post Run actions/checkout@v4	2025-08-18T21:31:24.9167311Z Adding repository directory to the temporary git global config as a safe directory
test	Post Run actions/checkout@v4	2025-08-18T21:31:24.9171838Z [command]/usr/bin/git config --global --add safe.directory /home/runner/work/northstrike-training/northstrike-training
test	Post Run actions/checkout@v4	2025-08-18T21:31:24.9206677Z [command]/usr/bin/git config --local --name-only --get-regexp core\.sshCommand
test	Post Run actions/checkout@v4	2025-08-18T21:31:24.9239160Z [command]/usr/bin/git submodule foreach --recursive sh -c "git config --local --name-only --get-regexp 'core\.sshCommand' && git config --local --unset-all 'core.sshCommand' || :"
test	Post Run actions/checkout@v4	2025-08-18T21:31:24.9463449Z [command]/usr/bin/git config --local --name-only --get-regexp http\.https\:\/\/github\.com\/\.extraheader
test	Post Run actions/checkout@v4	2025-08-18T21:31:24.9484085Z http.https://github.com/.extraheader
test	Post Run actions/checkout@v4	2025-08-18T21:31:24.9497001Z [command]/usr/bin/git config --local --unset-all http.https://github.com/.extraheader
test	Post Run actions/checkout@v4	2025-08-18T21:31:24.9528293Z [command]/usr/bin/git submodule foreach --recursive sh -c "git config --local --name-only --get-regexp 'http\.https\:\/\/github\.com\/\.extraheader' && git config --local --unset-all 'http.https://github.com/.extraheader' || :"
test	Complete job	﻿2025-08-18T21:31:24.9874262Z Cleaning up orphan processes
