test	Set up job	ï»¿2025-08-18T21:25:32.8527353Z Current runner version: '2.327.1'
test	Set up job	2025-08-18T21:25:32.8553688Z ##[group]Runner Image Provisioner
test	Set up job	2025-08-18T21:25:32.8554691Z Hosted Compute Agent
test	Set up job	2025-08-18T21:25:32.8555286Z Version: 20250818.377
test	Set up job	2025-08-18T21:25:32.8555971Z Commit: 3c593e9f75fe0b87e893bca80d6e12ba089c61fc
test	Set up job	2025-08-18T21:25:32.8556836Z Build Date: 2025-08-18T14:52:18Z
test	Set up job	2025-08-18T21:25:32.8557509Z ##[endgroup]
test	Set up job	2025-08-18T21:25:32.8558131Z ##[group]Operating System
test	Set up job	2025-08-18T21:25:32.8558749Z Ubuntu
test	Set up job	2025-08-18T21:25:32.8559549Z 24.04.2
test	Set up job	2025-08-18T21:25:32.8560080Z LTS
test	Set up job	2025-08-18T21:25:32.8560654Z ##[endgroup]
test	Set up job	2025-08-18T21:25:32.8561309Z ##[group]Runner Image
test	Set up job	2025-08-18T21:25:32.8561981Z Image: ubuntu-24.04
test	Set up job	2025-08-18T21:25:32.8562588Z Version: 20250810.1.0
test	Set up job	2025-08-18T21:25:32.8563938Z Included Software: https://github.com/actions/runner-images/blob/ubuntu24/20250810.1/images/ubuntu/Ubuntu2404-Readme.md
test	Set up job	2025-08-18T21:25:32.8565780Z Image Release: https://github.com/actions/runner-images/releases/tag/ubuntu24%2F20250810.1
test	Set up job	2025-08-18T21:25:32.8567293Z ##[endgroup]
test	Set up job	2025-08-18T21:25:32.8568545Z ##[group]GITHUB_TOKEN Permissions
test	Set up job	2025-08-18T21:25:32.8571009Z Contents: read
test	Set up job	2025-08-18T21:25:32.8571594Z Metadata: read
test	Set up job	2025-08-18T21:25:32.8572136Z Packages: read
test	Set up job	2025-08-18T21:25:32.8572760Z ##[endgroup]
test	Set up job	2025-08-18T21:25:32.8574876Z Secret source: Actions
test	Set up job	2025-08-18T21:25:32.8575586Z Prepare workflow directory
test	Set up job	2025-08-18T21:25:32.8933855Z Prepare all required actions
test	Set up job	2025-08-18T21:25:32.8978556Z Getting action download info
test	Set up job	2025-08-18T21:25:33.1795554Z Download action repository 'actions/checkout@v4' (SHA:08eba0b27e820071cde6df949e0beb9ba4906955)
test	Set up job	2025-08-18T21:25:33.6224803Z Download action repository 'actions/setup-python@v5' (SHA:a26af69be951a213d495a4c3e4e4022e16d87065)
test	Set up job	2025-08-18T21:25:33.9626070Z Complete job name: test
test	Run actions/checkout@v4	ï»¿2025-08-18T21:25:34.0443147Z ##[group]Run actions/checkout@v4
test	Run actions/checkout@v4	2025-08-18T21:25:34.0444478Z with:
test	Run actions/checkout@v4	2025-08-18T21:25:34.0445352Z   repository: BradleyConlin/northstrike-training
test	Run actions/checkout@v4	2025-08-18T21:25:34.0446795Z   token: ***
test	Run actions/checkout@v4	2025-08-18T21:25:34.0447609Z   ssh-strict: true
test	Run actions/checkout@v4	2025-08-18T21:25:34.0448379Z   ssh-user: git
test	Run actions/checkout@v4	2025-08-18T21:25:34.0449328Z   persist-credentials: true
test	Run actions/checkout@v4	2025-08-18T21:25:34.0450232Z   clean: true
test	Run actions/checkout@v4	2025-08-18T21:25:34.0451018Z   sparse-checkout-cone-mode: true
test	Run actions/checkout@v4	2025-08-18T21:25:34.0451987Z   fetch-depth: 1
test	Run actions/checkout@v4	2025-08-18T21:25:34.0452749Z   fetch-tags: false
test	Run actions/checkout@v4	2025-08-18T21:25:34.0453544Z   show-progress: true
test	Run actions/checkout@v4	2025-08-18T21:25:34.0454337Z   lfs: false
test	Run actions/checkout@v4	2025-08-18T21:25:34.0455081Z   submodules: false
test	Run actions/checkout@v4	2025-08-18T21:25:34.0455871Z   set-safe-directory: true
test	Run actions/checkout@v4	2025-08-18T21:25:34.0456968Z ##[endgroup]
test	Run actions/checkout@v4	2025-08-18T21:25:34.1594705Z Syncing repository: BradleyConlin/northstrike-training
test	Run actions/checkout@v4	2025-08-18T21:25:34.1597541Z ##[group]Getting Git version info
test	Run actions/checkout@v4	2025-08-18T21:25:34.1599394Z Working directory is '/home/runner/work/northstrike-training/northstrike-training'
test	Run actions/checkout@v4	2025-08-18T21:25:34.1601782Z [command]/usr/bin/git version
test	Run actions/checkout@v4	2025-08-18T21:25:34.1613474Z git version 2.50.1
test	Run actions/checkout@v4	2025-08-18T21:25:34.1639862Z ##[endgroup]
test	Run actions/checkout@v4	2025-08-18T21:25:34.1654896Z Temporarily overriding HOME='/home/runner/work/_temp/5f8e0079-3a62-4260-89b1-ffd003d93aa8' before making global git config changes
test	Run actions/checkout@v4	2025-08-18T21:25:34.1658057Z Adding repository directory to the temporary git global config as a safe directory
test	Run actions/checkout@v4	2025-08-18T21:25:34.1661550Z [command]/usr/bin/git config --global --add safe.directory /home/runner/work/northstrike-training/northstrike-training
test	Run actions/checkout@v4	2025-08-18T21:25:34.1696680Z Deleting the contents of '/home/runner/work/northstrike-training/northstrike-training'
test	Run actions/checkout@v4	2025-08-18T21:25:34.1700485Z ##[group]Initializing the repository
test	Run actions/checkout@v4	2025-08-18T21:25:34.1704426Z [command]/usr/bin/git init /home/runner/work/northstrike-training/northstrike-training
test	Run actions/checkout@v4	2025-08-18T21:25:34.1758924Z hint: Using 'master' as the name for the initial branch. This default branch name
test	Run actions/checkout@v4	2025-08-18T21:25:34.1762831Z hint: is subject to change. To configure the initial branch name to use in all
test	Run actions/checkout@v4	2025-08-18T21:25:34.1765512Z hint: of your new repositories, which will suppress this warning, call:
test	Run actions/checkout@v4	2025-08-18T21:25:34.1767220Z hint:
test	Run actions/checkout@v4	2025-08-18T21:25:34.1768637Z hint: 	git config --global init.defaultBranch <name>
test	Run actions/checkout@v4	2025-08-18T21:25:34.1770292Z hint:
test	Run actions/checkout@v4	2025-08-18T21:25:34.1772360Z hint: Names commonly chosen instead of 'master' are 'main', 'trunk' and
test	Run actions/checkout@v4	2025-08-18T21:25:34.1775050Z hint: 'development'. The just-created branch can be renamed via this command:
test	Run actions/checkout@v4	2025-08-18T21:25:34.1776636Z hint:
test	Run actions/checkout@v4	2025-08-18T21:25:34.1777435Z hint: 	git branch -m <name>
test	Run actions/checkout@v4	2025-08-18T21:25:34.1778381Z hint:
test	Run actions/checkout@v4	2025-08-18T21:25:34.1779858Z hint: Disable this message with "git config set advice.defaultBranchName false"
test	Run actions/checkout@v4	2025-08-18T21:25:34.1782417Z Initialized empty Git repository in /home/runner/work/northstrike-training/northstrike-training/.git/
test	Run actions/checkout@v4	2025-08-18T21:25:34.1786262Z [command]/usr/bin/git remote add origin https://github.com/BradleyConlin/northstrike-training
test	Run actions/checkout@v4	2025-08-18T21:25:34.1805410Z ##[endgroup]
test	Run actions/checkout@v4	2025-08-18T21:25:34.1806966Z ##[group]Disabling automatic garbage collection
test	Run actions/checkout@v4	2025-08-18T21:25:34.1808655Z [command]/usr/bin/git config --local gc.auto 0
test	Run actions/checkout@v4	2025-08-18T21:25:34.1838268Z ##[endgroup]
test	Run actions/checkout@v4	2025-08-18T21:25:34.1840176Z ##[group]Setting up auth
test	Run actions/checkout@v4	2025-08-18T21:25:34.1844838Z [command]/usr/bin/git config --local --name-only --get-regexp core\.sshCommand
test	Run actions/checkout@v4	2025-08-18T21:25:34.1875644Z [command]/usr/bin/git submodule foreach --recursive sh -c "git config --local --name-only --get-regexp 'core\.sshCommand' && git config --local --unset-all 'core.sshCommand' || :"
test	Run actions/checkout@v4	2025-08-18T21:25:34.2145650Z [command]/usr/bin/git config --local --name-only --get-regexp http\.https\:\/\/github\.com\/\.extraheader
test	Run actions/checkout@v4	2025-08-18T21:25:34.2180106Z [command]/usr/bin/git submodule foreach --recursive sh -c "git config --local --name-only --get-regexp 'http\.https\:\/\/github\.com\/\.extraheader' && git config --local --unset-all 'http.https://github.com/.extraheader' || :"
test	Run actions/checkout@v4	2025-08-18T21:25:34.2411492Z [command]/usr/bin/git config --local http.https://github.com/.extraheader AUTHORIZATION: basic ***
test	Run actions/checkout@v4	2025-08-18T21:25:34.2449706Z ##[endgroup]
test	Run actions/checkout@v4	2025-08-18T21:25:34.2451365Z ##[group]Fetching the repository
test	Run actions/checkout@v4	2025-08-18T21:25:34.2458704Z [command]/usr/bin/git -c protocol.version=2 fetch --no-tags --prune --no-recurse-submodules --depth=1 origin +124a42373c039cf7ff3b3f86e5b719f0a0f17677:refs/remotes/pull/13/merge
test	Run actions/checkout@v4	2025-08-18T21:25:34.4336753Z From https://github.com/BradleyConlin/northstrike-training
test	Run actions/checkout@v4	2025-08-18T21:25:34.4339584Z  * [new ref]         124a42373c039cf7ff3b3f86e5b719f0a0f17677 -> pull/13/merge
test	Run actions/checkout@v4	2025-08-18T21:25:34.4360667Z ##[endgroup]
test	Run actions/checkout@v4	2025-08-18T21:25:34.4362512Z ##[group]Determining the checkout info
test	Run actions/checkout@v4	2025-08-18T21:25:34.4364349Z ##[endgroup]
test	Run actions/checkout@v4	2025-08-18T21:25:34.4367863Z [command]/usr/bin/git sparse-checkout disable
test	Run actions/checkout@v4	2025-08-18T21:25:34.4406178Z [command]/usr/bin/git config --local --unset-all extensions.worktreeConfig
test	Run actions/checkout@v4	2025-08-18T21:25:34.4434378Z ##[group]Checking out the ref
test	Run actions/checkout@v4	2025-08-18T21:25:34.4437874Z [command]/usr/bin/git checkout --progress --force refs/remotes/pull/13/merge
test	Run actions/checkout@v4	2025-08-18T21:25:34.4540677Z Note: switching to 'refs/remotes/pull/13/merge'.
test	Run actions/checkout@v4	2025-08-18T21:25:34.4543845Z 
test	Run actions/checkout@v4	2025-08-18T21:25:34.4545922Z You are in 'detached HEAD' state. You can look around, make experimental
test	Run actions/checkout@v4	2025-08-18T21:25:34.4550931Z changes and commit them, and you can discard any commits you make in this
test	Run actions/checkout@v4	2025-08-18T21:25:34.4556366Z state without impacting any branches by switching back to a branch.
test	Run actions/checkout@v4	2025-08-18T21:25:34.4559337Z 
test	Run actions/checkout@v4	2025-08-18T21:25:34.4560478Z If you want to create a new branch to retain commits you create, you may
test	Run actions/checkout@v4	2025-08-18T21:25:34.4563157Z do so (now or later) by using -c with the switch command. Example:
test	Run actions/checkout@v4	2025-08-18T21:25:34.4564706Z 
test	Run actions/checkout@v4	2025-08-18T21:25:34.4565121Z   git switch -c <new-branch-name>
test	Run actions/checkout@v4	2025-08-18T21:25:34.4565787Z 
test	Run actions/checkout@v4	2025-08-18T21:25:34.4566156Z Or undo this operation with:
test	Run actions/checkout@v4	2025-08-18T21:25:34.4566770Z 
test	Run actions/checkout@v4	2025-08-18T21:25:34.4567107Z   git switch -
test	Run actions/checkout@v4	2025-08-18T21:25:34.4567554Z 
test	Run actions/checkout@v4	2025-08-18T21:25:34.4568371Z Turn off this advice by setting config variable advice.detachedHead to false
test	Run actions/checkout@v4	2025-08-18T21:25:34.4569835Z 
test	Run actions/checkout@v4	2025-08-18T21:25:34.4571926Z HEAD is now at 124a423 Merge ef25acab76a3b638653c8f0b486441e2f8cd8b56 into 42a0b1f03fe40c0c272c8893be2bb93ac6e0ff3c
test	Run actions/checkout@v4	2025-08-18T21:25:34.4575998Z ##[endgroup]
test	Run actions/checkout@v4	2025-08-18T21:25:34.4591297Z [command]/usr/bin/git log -1 --format=%H
test	Run actions/checkout@v4	2025-08-18T21:25:34.4613589Z 124a42373c039cf7ff3b3f86e5b719f0a0f17677
test	Run actions/setup-python@v5	ï»¿2025-08-18T21:25:34.4905005Z ##[group]Run actions/setup-python@v5
test	Run actions/setup-python@v5	2025-08-18T21:25:34.4906027Z with:
test	Run actions/setup-python@v5	2025-08-18T21:25:34.4906726Z   python-version: 3.10
test	Run actions/setup-python@v5	2025-08-18T21:25:34.4907545Z   check-latest: false
test	Run actions/setup-python@v5	2025-08-18T21:25:34.4908563Z   token: ***
test	Run actions/setup-python@v5	2025-08-18T21:25:34.4909621Z   update-environment: true
test	Run actions/setup-python@v5	2025-08-18T21:25:34.4910527Z   allow-prereleases: false
test	Run actions/setup-python@v5	2025-08-18T21:25:34.4911384Z   freethreaded: false
test	Run actions/setup-python@v5	2025-08-18T21:25:34.4912256Z ##[endgroup]
test	Run actions/setup-python@v5	2025-08-18T21:25:34.6611187Z ##[group]Installed versions
test	Run actions/setup-python@v5	2025-08-18T21:25:34.6696682Z Successfully set up CPython (3.10.18)
test	Run actions/setup-python@v5	2025-08-18T21:25:34.6699497Z ##[endgroup]
test	Install deps	ï»¿2025-08-18T21:25:34.6857465Z ##[group]Run python -m pip install -U pip
test	Install deps	2025-08-18T21:25:34.6858653Z [36;1mpython -m pip install -U pip[0m
test	Install deps	2025-08-18T21:25:34.6859898Z [36;1mif [ -f requirements-dev.txt ]; then[0m
test	Install deps	2025-08-18T21:25:34.6861018Z [36;1m  pip install -r requirements-dev.txt[0m
test	Install deps	2025-08-18T21:25:34.6862014Z [36;1melse[0m
test	Install deps	2025-08-18T21:25:34.6862891Z [36;1m  pip install pytest numpy==1.26.4 pandas==2.2.2[0m
test	Install deps	2025-08-18T21:25:34.6863952Z [36;1mfi[0m
test	Install deps	2025-08-18T21:25:34.6988111Z shell: /usr/bin/bash -e {0}
test	Install deps	2025-08-18T21:25:34.6989332Z env:
test	Install deps	2025-08-18T21:25:34.6990422Z   pythonLocation: /opt/hostedtoolcache/Python/3.10.18/x64
test	Install deps	2025-08-18T21:25:34.6992282Z   PKG_CONFIG_PATH: /opt/hostedtoolcache/Python/3.10.18/x64/lib/pkgconfig
test	Install deps	2025-08-18T21:25:34.6994053Z   Python_ROOT_DIR: /opt/hostedtoolcache/Python/3.10.18/x64
test	Install deps	2025-08-18T21:25:34.6995566Z   Python2_ROOT_DIR: /opt/hostedtoolcache/Python/3.10.18/x64
test	Install deps	2025-08-18T21:25:34.6997090Z   Python3_ROOT_DIR: /opt/hostedtoolcache/Python/3.10.18/x64
test	Install deps	2025-08-18T21:25:34.6998620Z   LD_LIBRARY_PATH: /opt/hostedtoolcache/Python/3.10.18/x64/lib
test	Install deps	2025-08-18T21:25:34.7000048Z ##[endgroup]
test	Install deps	2025-08-18T21:25:36.6026939Z Requirement already satisfied: pip in /opt/hostedtoolcache/Python/3.10.18/x64/lib/python3.10/site-packages (25.2)
test	Install deps	2025-08-18T21:25:37.3249513Z Collecting black (from -r requirements-dev.txt (line 1))
test	Install deps	2025-08-18T21:25:37.3622323Z   Downloading black-25.1.0-cp310-cp310-manylinux_2_17_x86_64.manylinux2014_x86_64.manylinux_2_28_x86_64.whl.metadata (81 kB)
test	Install deps	2025-08-18T21:25:37.4310315Z Collecting isort (from -r requirements-dev.txt (line 2))
test	Install deps	2025-08-18T21:25:37.4348100Z   Downloading isort-6.0.1-py3-none-any.whl.metadata (11 kB)
test	Install deps	2025-08-18T21:25:37.4631528Z Collecting flake8 (from -r requirements-dev.txt (line 3))
test	Install deps	2025-08-18T21:25:37.4665652Z   Downloading flake8-7.3.0-py2.py3-none-any.whl.metadata (3.8 kB)
test	Install deps	2025-08-18T21:25:37.5094562Z Collecting pytest (from -r requirements-dev.txt (line 4))
test	Install deps	2025-08-18T21:25:37.5130401Z   Downloading pytest-8.4.1-py3-none-any.whl.metadata (7.7 kB)
test	Install deps	2025-08-18T21:25:37.5606397Z Collecting pre-commit (from -r requirements-dev.txt (line 5))
test	Install deps	2025-08-18T21:25:37.5645772Z   Downloading pre_commit-4.3.0-py2.py3-none-any.whl.metadata (1.2 kB)
test	Install deps	2025-08-18T21:25:37.7769538Z Collecting numpy==1.26.4 (from -r requirements-dev.txt (line 7))
test	Install deps	2025-08-18T21:25:37.7812872Z   Downloading numpy-1.26.4-cp310-cp310-manylinux_2_17_x86_64.manylinux2014_x86_64.whl.metadata (61 kB)
test	Install deps	2025-08-18T21:25:37.9138742Z Collecting pandas==2.2.2 (from -r requirements-dev.txt (line 8))
test	Install deps	2025-08-18T21:25:37.9190322Z   Downloading pandas-2.2.2-cp310-cp310-manylinux_2_17_x86_64.manylinux2014_x86_64.whl.metadata (19 kB)
test	Install deps	2025-08-18T21:25:37.9745494Z Collecting pytest-cov (from -r requirements-dev.txt (line 9))
test	Install deps	2025-08-18T21:25:37.9782097Z   Downloading pytest_cov-6.2.1-py3-none-any.whl.metadata (30 kB)
test	Install deps	2025-08-18T21:25:38.0031255Z Collecting python-dateutil>=2.8.2 (from pandas==2.2.2->-r requirements-dev.txt (line 8))
test	Install deps	2025-08-18T21:25:38.0063456Z   Downloading python_dateutil-2.9.0.post0-py2.py3-none-any.whl.metadata (8.4 kB)
test	Install deps	2025-08-18T21:25:38.0722588Z Collecting pytz>=2020.1 (from pandas==2.2.2->-r requirements-dev.txt (line 8))
test	Install deps	2025-08-18T21:25:38.0762074Z   Downloading pytz-2025.2-py2.py3-none-any.whl.metadata (22 kB)
test	Install deps	2025-08-18T21:25:38.0928699Z Collecting tzdata>=2022.7 (from pandas==2.2.2->-r requirements-dev.txt (line 8))
test	Install deps	2025-08-18T21:25:38.0968438Z   Downloading tzdata-2025.2-py2.py3-none-any.whl.metadata (1.4 kB)
test	Install deps	2025-08-18T21:25:38.1173094Z Collecting click>=8.0.0 (from black->-r requirements-dev.txt (line 1))
test	Install deps	2025-08-18T21:25:38.1215253Z   Downloading click-8.2.1-py3-none-any.whl.metadata (2.5 kB)
test	Install deps	2025-08-18T21:25:38.1330475Z Collecting mypy-extensions>=0.4.3 (from black->-r requirements-dev.txt (line 1))
test	Install deps	2025-08-18T21:25:38.1363757Z   Downloading mypy_extensions-1.1.0-py3-none-any.whl.metadata (1.1 kB)
test	Install deps	2025-08-18T21:25:38.1536580Z Collecting packaging>=22.0 (from black->-r requirements-dev.txt (line 1))
test	Install deps	2025-08-18T21:25:38.1576115Z   Downloading packaging-25.0-py3-none-any.whl.metadata (3.3 kB)
test	Install deps	2025-08-18T21:25:38.1735896Z Collecting pathspec>=0.9.0 (from black->-r requirements-dev.txt (line 1))
test	Install deps	2025-08-18T21:25:38.1785644Z   Downloading pathspec-0.12.1-py3-none-any.whl.metadata (21 kB)
test	Install deps	2025-08-18T21:25:38.2073712Z Collecting platformdirs>=2 (from black->-r requirements-dev.txt (line 1))
test	Install deps	2025-08-18T21:25:38.2113718Z   Downloading platformdirs-4.3.8-py3-none-any.whl.metadata (12 kB)
test	Install deps	2025-08-18T21:25:38.2313118Z Collecting tomli>=1.1.0 (from black->-r requirements-dev.txt (line 1))
test	Install deps	2025-08-18T21:25:38.2352864Z   Downloading tomli-2.2.1-py3-none-any.whl.metadata (10 kB)
test	Install deps	2025-08-18T21:25:38.2558829Z Collecting typing-extensions>=4.0.1 (from black->-r requirements-dev.txt (line 1))
test	Install deps	2025-08-18T21:25:38.2596430Z   Downloading typing_extensions-4.14.1-py3-none-any.whl.metadata (3.0 kB)
test	Install deps	2025-08-18T21:25:38.2723583Z Collecting mccabe<0.8.0,>=0.7.0 (from flake8->-r requirements-dev.txt (line 3))
test	Install deps	2025-08-18T21:25:38.2757034Z   Downloading mccabe-0.7.0-py2.py3-none-any.whl.metadata (5.0 kB)
test	Install deps	2025-08-18T21:25:38.2916423Z Collecting pycodestyle<2.15.0,>=2.14.0 (from flake8->-r requirements-dev.txt (line 3))
test	Install deps	2025-08-18T21:25:38.2952088Z   Downloading pycodestyle-2.14.0-py2.py3-none-any.whl.metadata (4.5 kB)
test	Install deps	2025-08-18T21:25:38.3103976Z Collecting pyflakes<3.5.0,>=3.4.0 (from flake8->-r requirements-dev.txt (line 3))
test	Install deps	2025-08-18T21:25:38.3139544Z   Downloading pyflakes-3.4.0-py2.py3-none-any.whl.metadata (3.5 kB)
test	Install deps	2025-08-18T21:25:38.3308493Z Collecting exceptiongroup>=1 (from pytest->-r requirements-dev.txt (line 4))
test	Install deps	2025-08-18T21:25:38.3343152Z   Downloading exceptiongroup-1.3.0-py3-none-any.whl.metadata (6.7 kB)
test	Install deps	2025-08-18T21:25:38.3475419Z Collecting iniconfig>=1 (from pytest->-r requirements-dev.txt (line 4))
test	Install deps	2025-08-18T21:25:38.3509316Z   Downloading iniconfig-2.1.0-py3-none-any.whl.metadata (2.7 kB)
test	Install deps	2025-08-18T21:25:38.3694442Z Collecting pluggy<2,>=1.5 (from pytest->-r requirements-dev.txt (line 4))
test	Install deps	2025-08-18T21:25:38.3727443Z   Downloading pluggy-1.6.0-py3-none-any.whl.metadata (4.8 kB)
test	Install deps	2025-08-18T21:25:38.3958885Z Collecting pygments>=2.7.2 (from pytest->-r requirements-dev.txt (line 4))
test	Install deps	2025-08-18T21:25:38.3996662Z   Downloading pygments-2.19.2-py3-none-any.whl.metadata (2.5 kB)
test	Install deps	2025-08-18T21:25:38.4182537Z Collecting cfgv>=2.0.0 (from pre-commit->-r requirements-dev.txt (line 5))
test	Install deps	2025-08-18T21:25:38.4215523Z   Downloading cfgv-3.4.0-py2.py3-none-any.whl.metadata (8.5 kB)
test	Install deps	2025-08-18T21:25:38.4733132Z Collecting identify>=1.0.0 (from pre-commit->-r requirements-dev.txt (line 5))
test	Install deps	2025-08-18T21:25:38.4771970Z   Downloading identify-2.6.13-py2.py3-none-any.whl.metadata (4.4 kB)
test	Install deps	2025-08-18T21:25:38.4961659Z Collecting nodeenv>=0.11.1 (from pre-commit->-r requirements-dev.txt (line 5))
test	Install deps	2025-08-18T21:25:38.5011816Z   Downloading nodeenv-1.9.1-py2.py3-none-any.whl.metadata (21 kB)
test	Install deps	2025-08-18T21:25:38.5442810Z Collecting pyyaml>=5.1 (from pre-commit->-r requirements-dev.txt (line 5))
test	Install deps	2025-08-18T21:25:38.5479389Z   Downloading PyYAML-6.0.2-cp310-cp310-manylinux_2_17_x86_64.manylinux2014_x86_64.whl.metadata (2.1 kB)
test	Install deps	2025-08-18T21:25:38.5984807Z Collecting virtualenv>=20.10.0 (from pre-commit->-r requirements-dev.txt (line 5))
test	Install deps	2025-08-18T21:25:38.6022824Z   Downloading virtualenv-20.34.0-py3-none-any.whl.metadata (4.6 kB)
test	Install deps	2025-08-18T21:25:39.0502760Z Collecting coverage>=7.5 (from coverage[toml]>=7.5->pytest-cov->-r requirements-dev.txt (line 9))
test	Install deps	2025-08-18T21:25:39.0547756Z   Downloading coverage-7.10.4-cp310-cp310-manylinux1_x86_64.manylinux_2_28_x86_64.manylinux_2_5_x86_64.whl.metadata (8.9 kB)
test	Install deps	2025-08-18T21:25:39.0961400Z Collecting six>=1.5 (from python-dateutil>=2.8.2->pandas==2.2.2->-r requirements-dev.txt (line 8))
test	Install deps	2025-08-18T21:25:39.1000743Z   Downloading six-1.17.0-py2.py3-none-any.whl.metadata (1.7 kB)
test	Install deps	2025-08-18T21:25:39.1228785Z Collecting distlib<1,>=0.3.7 (from virtualenv>=20.10.0->pre-commit->-r requirements-dev.txt (line 5))
test	Install deps	2025-08-18T21:25:39.1265905Z   Downloading distlib-0.4.0-py2.py3-none-any.whl.metadata (5.2 kB)
test	Install deps	2025-08-18T21:25:39.1481436Z Collecting filelock<4,>=3.12.2 (from virtualenv>=20.10.0->pre-commit->-r requirements-dev.txt (line 5))
test	Install deps	2025-08-18T21:25:39.1517344Z   Downloading filelock-3.19.1-py3-none-any.whl.metadata (2.1 kB)
test	Install deps	2025-08-18T21:25:39.1756612Z Downloading numpy-1.26.4-cp310-cp310-manylinux_2_17_x86_64.manylinux2014_x86_64.whl (18.2 MB)
test	Install deps	2025-08-18T21:25:39.3327807Z    â”â”â”â”â”â”â”â”â”â”â”â”â”â”â”â”â”â”â”â”â”â”â”â”â”â”â”â”â”â”â”â”â”â”â”â”â”â”â”â” 18.2/18.2 MB 121.9 MB/s  0:00:00
test	Install deps	2025-08-18T21:25:39.3372977Z Downloading pandas-2.2.2-cp310-cp310-manylinux_2_17_x86_64.manylinux2014_x86_64.whl (13.0 MB)
test	Install deps	2025-08-18T21:25:39.4200570Z    â”â”â”â”â”â”â”â”â”â”â”â”â”â”â”â”â”â”â”â”â”â”â”â”â”â”â”â”â”â”â”â”â”â”â”â”â”â”â”â” 13.0/13.0 MB 162.8 MB/s  0:00:00
test	Install deps	2025-08-18T21:25:39.4264930Z Downloading black-25.1.0-cp310-cp310-manylinux_2_17_x86_64.manylinux2014_x86_64.manylinux_2_28_x86_64.whl (1.8 MB)
test	Install deps	2025-08-18T21:25:39.4372434Z    â”â”â”â”â”â”â”â”â”â”â”â”â”â”â”â”â”â”â”â”â”â”â”â”â”â”â”â”â”â”â”â”â”â”â”â”â”â”â”â” 1.8/1.8 MB 187.1 MB/s  0:00:00
test	Install deps	2025-08-18T21:25:39.4406098Z Downloading isort-6.0.1-py3-none-any.whl (94 kB)
test	Install deps	2025-08-18T21:25:39.4463991Z Downloading flake8-7.3.0-py2.py3-none-any.whl (57 kB)
test	Install deps	2025-08-18T21:25:39.4522031Z Downloading mccabe-0.7.0-py2.py3-none-any.whl (7.3 kB)
test	Install deps	2025-08-18T21:25:39.4574215Z Downloading pycodestyle-2.14.0-py2.py3-none-any.whl (31 kB)
test	Install deps	2025-08-18T21:25:39.4628317Z Downloading pyflakes-3.4.0-py2.py3-none-any.whl (63 kB)
test	Install deps	2025-08-18T21:25:39.4687178Z Downloading pytest-8.4.1-py3-none-any.whl (365 kB)
test	Install deps	2025-08-18T21:25:39.4757457Z Downloading pluggy-1.6.0-py3-none-any.whl (20 kB)
test	Install deps	2025-08-18T21:25:39.4815709Z Downloading pre_commit-4.3.0-py2.py3-none-any.whl (220 kB)
test	Install deps	2025-08-18T21:25:39.4877258Z Downloading pytest_cov-6.2.1-py3-none-any.whl (24 kB)
test	Install deps	2025-08-18T21:25:39.4928118Z Downloading cfgv-3.4.0-py2.py3-none-any.whl (7.2 kB)
test	Install deps	2025-08-18T21:25:39.5041888Z Downloading click-8.2.1-py3-none-any.whl (102 kB)
test	Install deps	2025-08-18T21:25:39.5104173Z Downloading coverage-7.10.4-cp310-cp310-manylinux1_x86_64.manylinux_2_28_x86_64.manylinux_2_5_x86_64.whl (245 kB)
test	Install deps	2025-08-18T21:25:39.5170311Z Downloading exceptiongroup-1.3.0-py3-none-any.whl (16 kB)
test	Install deps	2025-08-18T21:25:39.5321693Z Downloading identify-2.6.13-py2.py3-none-any.whl (99 kB)
test	Install deps	2025-08-18T21:25:39.5446667Z Downloading iniconfig-2.1.0-py3-none-any.whl (6.0 kB)
test	Install deps	2025-08-18T21:25:39.5642159Z Downloading mypy_extensions-1.1.0-py3-none-any.whl (5.0 kB)
test	Install deps	2025-08-18T21:25:39.5708566Z Downloading nodeenv-1.9.1-py2.py3-none-any.whl (22 kB)
test	Install deps	2025-08-18T21:25:39.5764077Z Downloading packaging-25.0-py3-none-any.whl (66 kB)
test	Install deps	2025-08-18T21:25:39.5879782Z Downloading pathspec-0.12.1-py3-none-any.whl (31 kB)
test	Install deps	2025-08-18T21:25:39.5943414Z Downloading platformdirs-4.3.8-py3-none-any.whl (18 kB)
test	Install deps	2025-08-18T21:25:39.5998388Z Downloading pygments-2.19.2-py3-none-any.whl (1.2 MB)
test	Install deps	2025-08-18T21:25:39.6094222Z    â”â”â”â”â”â”â”â”â”â”â”â”â”â”â”â”â”â”â”â”â”â”â”â”â”â”â”â”â”â”â”â”â”â”â”â”â”â”â”â” 1.2/1.2 MB 149.6 MB/s  0:00:00
test	Install deps	2025-08-18T21:25:39.6130516Z Downloading python_dateutil-2.9.0.post0-py2.py3-none-any.whl (229 kB)
test	Install deps	2025-08-18T21:25:39.6191308Z Downloading pytz-2025.2-py2.py3-none-any.whl (509 kB)
test	Install deps	2025-08-18T21:25:39.6263422Z Downloading PyYAML-6.0.2-cp310-cp310-manylinux_2_17_x86_64.manylinux2014_x86_64.whl (751 kB)
test	Install deps	2025-08-18T21:25:39.6332431Z    â”â”â”â”â”â”â”â”â”â”â”â”â”â”â”â”â”â”â”â”â”â”â”â”â”â”â”â”â”â”â”â”â”â”â”â”â”â”â”â” 751.2/751.2 kB 121.4 MB/s  0:00:00
test	Install deps	2025-08-18T21:25:39.6364679Z Downloading six-1.17.0-py2.py3-none-any.whl (11 kB)
test	Install deps	2025-08-18T21:25:39.6416442Z Downloading tomli-2.2.1-py3-none-any.whl (14 kB)
test	Install deps	2025-08-18T21:25:39.6470387Z Downloading typing_extensions-4.14.1-py3-none-any.whl (43 kB)
test	Install deps	2025-08-18T21:25:39.6524436Z Downloading tzdata-2025.2-py2.py3-none-any.whl (347 kB)
test	Install deps	2025-08-18T21:25:39.6595366Z Downloading virtualenv-20.34.0-py3-none-any.whl (6.0 MB)
test	Install deps	2025-08-18T21:25:39.6945648Z    â”â”â”â”â”â”â”â”â”â”â”â”â”â”â”â”â”â”â”â”â”â”â”â”â”â”â”â”â”â”â”â”â”â”â”â”â”â”â”â” 6.0/6.0 MB 179.7 MB/s  0:00:00
test	Install deps	2025-08-18T21:25:39.6986992Z Downloading distlib-0.4.0-py2.py3-none-any.whl (469 kB)
test	Install deps	2025-08-18T21:25:39.7064669Z Downloading filelock-3.19.1-py3-none-any.whl (15 kB)
test	Install deps	2025-08-18T21:25:39.9044312Z Installing collected packages: pytz, distlib, tzdata, typing-extensions, tomli, six, pyyaml, pygments, pyflakes, pycodestyle, pluggy, platformdirs, pathspec, packaging, numpy, nodeenv, mypy-extensions, mccabe, isort, iniconfig, identify, filelock, coverage, click, cfgv, virtualenv, python-dateutil, flake8, exceptiongroup, black, pytest, pre-commit, pandas, pytest-cov
test	Install deps	2025-08-18T21:25:47.7993683Z 
test	Install deps	2025-08-18T21:25:47.8055468Z Successfully installed black-25.1.0 cfgv-3.4.0 click-8.2.1 coverage-7.10.4 distlib-0.4.0 exceptiongroup-1.3.0 filelock-3.19.1 flake8-7.3.0 identify-2.6.13 iniconfig-2.1.0 isort-6.0.1 mccabe-0.7.0 mypy-extensions-1.1.0 nodeenv-1.9.1 numpy-1.26.4 packaging-25.0 pandas-2.2.2 pathspec-0.12.1 platformdirs-4.3.8 pluggy-1.6.0 pre-commit-4.3.0 pycodestyle-2.14.0 pyflakes-3.4.0 pygments-2.19.2 pytest-8.4.1 pytest-cov-6.2.1 python-dateutil-2.9.0.post0 pytz-2025.2 pyyaml-6.0.2 six-1.17.0 tomli-2.2.1 typing-extensions-4.14.1 tzdata-2025.2 virtualenv-20.34.0
test	Run tests	ï»¿2025-08-18T21:25:48.0406658Z ##[group]Run pytest -q
test	Run tests	2025-08-18T21:25:48.0406997Z [36;1mpytest -q[0m
test	Run tests	2025-08-18T21:25:48.0451859Z shell: /usr/bin/bash -e {0}
test	Run tests	2025-08-18T21:25:48.0452173Z env:
test	Run tests	2025-08-18T21:25:48.0452503Z   pythonLocation: /opt/hostedtoolcache/Python/3.10.18/x64
test	Run tests	2025-08-18T21:25:48.0453103Z   PKG_CONFIG_PATH: /opt/hostedtoolcache/Python/3.10.18/x64/lib/pkgconfig
test	Run tests	2025-08-18T21:25:48.0453696Z   Python_ROOT_DIR: /opt/hostedtoolcache/Python/3.10.18/x64
test	Run tests	2025-08-18T21:25:48.0454201Z   Python2_ROOT_DIR: /opt/hostedtoolcache/Python/3.10.18/x64
test	Run tests	2025-08-18T21:25:48.0454711Z   Python3_ROOT_DIR: /opt/hostedtoolcache/Python/3.10.18/x64
test	Run tests	2025-08-18T21:25:48.0455214Z   LD_LIBRARY_PATH: /opt/hostedtoolcache/Python/3.10.18/x64/lib
test	Run tests	2025-08-18T21:25:48.0455634Z ##[endgroup]
test	Run tests	2025-08-18T21:25:49.5921456Z .....F.....F.......                                                      [100%]
test	Run tests	2025-08-18T21:25:49.5922660Z =================================== FAILURES ===================================
test	Run tests	2025-08-18T21:25:49.5923772Z ______________ test_imports[scripts.evaluation.log_dummy_metrics] ______________
test	Run tests	2025-08-18T21:25:49.5924646Z 
test	Run tests	2025-08-18T21:25:49.5924920Z mod = 'scripts.evaluation.log_dummy_metrics'
test	Run tests	2025-08-18T21:25:49.5925459Z 
test	Run tests	2025-08-18T21:25:49.5925737Z     @pytest.mark.parametrize("mod", SCRIPTS)
test	Run tests	2025-08-18T21:25:49.5926501Z     def test_imports(mod):
test	Run tests	2025-08-18T21:25:49.5927012Z >       importlib.import_module(mod)
test	Run tests	2025-08-18T21:25:49.5927474Z 
test	Run tests	2025-08-18T21:25:49.5927694Z tests/test_cli_smoke.py:19: 
test	Run tests	2025-08-18T21:25:49.5928308Z _ _ _ _ _ _ _ _ _ _ _ _ _ _ _ _ _ _ _ _ _ _ _ _ _ _ _ _ _ _ _ _ _ _ _ _ _ _ _ _ 
test	Run tests	2025-08-18T21:25:49.5929757Z /opt/hostedtoolcache/Python/3.10.18/x64/lib/python3.10/importlib/__init__.py:126: in import_module
test	Run tests	2025-08-18T21:25:49.5930911Z     return _bootstrap._gcd_import(name[level:], package, level)
test	Run tests	2025-08-18T21:25:49.5931714Z <frozen importlib._bootstrap>:1050: in _gcd_import
test	Run tests	2025-08-18T21:25:49.5932337Z     ???
test	Run tests	2025-08-18T21:25:49.5932806Z <frozen importlib._bootstrap>:1027: in _find_and_load
test	Run tests	2025-08-18T21:25:49.5933383Z     ???
test	Run tests	2025-08-18T21:25:49.5933753Z <frozen importlib._bootstrap>:1006: in _find_and_load_unlocked
test	Run tests	2025-08-18T21:25:49.5934229Z     ???
test	Run tests	2025-08-18T21:25:49.5934527Z <frozen importlib._bootstrap>:688: in _load_unlocked
test	Run tests	2025-08-18T21:25:49.5935038Z     ???
test	Run tests	2025-08-18T21:25:49.5935475Z <frozen importlib._bootstrap_external>:883: in exec_module
test	Run tests	2025-08-18T21:25:49.5936331Z     ???
test	Run tests	2025-08-18T21:25:49.5936761Z <frozen importlib._bootstrap>:241: in _call_with_frames_removed
test	Run tests	2025-08-18T21:25:49.5937340Z     ???
test	Run tests	2025-08-18T21:25:49.5937718Z _ _ _ _ _ _ _ _ _ _ _ _ _ _ _ _ _ _ _ _ _ _ _ _ _ _ _ _ _ _ _ _ _ _ _ _ _ _ _ _ 
test	Run tests	2025-08-18T21:25:49.5938080Z 
test	Run tests	2025-08-18T21:25:49.5938214Z     #!/usr/bin/env python3
test	Run tests	2025-08-18T21:25:49.5938586Z     import os
test	Run tests	2025-08-18T21:25:49.5938895Z     import random
test	Run tests	2025-08-18T21:25:49.5939345Z     
test	Run tests	2025-08-18T21:25:49.5939586Z     try:
test	Run tests	2025-08-18T21:25:49.5939868Z         import mlflow
test	Run tests	2025-08-18T21:25:49.5940186Z     except Exception:
test	Run tests	2025-08-18T21:25:49.5940607Z         mlflow = None  # optional for --help/import in CI
test	Run tests	2025-08-18T21:25:49.5941178Z     if mlflow is not None:
test	Run tests	2025-08-18T21:25:49.5941540Z         try:
test	Run tests	2025-08-18T21:25:49.5942160Z             mlflow.set_tracking_uri(os.getenv("MLFLOW_TRACKING_URI", "http://127.0.0.1:5000"))
test	Run tests	2025-08-18T21:25:49.5942826Z         except Exception:
test	Run tests	2025-08-18T21:25:49.5943174Z             pass
test	Run tests	2025-08-18T21:25:49.5943501Z >   mlflow.set_experiment("sanity")
test	Run tests	2025-08-18T21:25:49.5944061Z E   AttributeError: 'NoneType' object has no attribute 'set_experiment'
test	Run tests	2025-08-18T21:25:49.5944486Z 
test	Run tests	2025-08-18T21:25:49.5944737Z scripts/evaluation/log_dummy_metrics.py:14: AttributeError
test	Run tests	2025-08-18T21:25:49.5945424Z _____________ test_help_runs[scripts.evaluation.log_dummy_metrics] _____________
test	Run tests	2025-08-18T21:25:49.5945903Z 
test	Run tests	2025-08-18T21:25:49.5946082Z mod = 'scripts.evaluation.log_dummy_metrics'
test	Run tests	2025-08-18T21:25:49.5946690Z monkeypatch = <_pytest.monkeypatch.MonkeyPatch object at 0x7fea96a451b0>
test	Run tests	2025-08-18T21:25:49.5947151Z 
test	Run tests	2025-08-18T21:25:49.5947636Z     @pytest.mark.parametrize("mod", SCRIPTS)
test	Run tests	2025-08-18T21:25:49.5948081Z     def test_help_runs(mod, monkeypatch):
test	Run tests	2025-08-18T21:25:49.5948630Z         # Run the module as a script with --help; argparse should exit cleanly.
test	Run tests	2025-08-18T21:25:49.5950167Z         monkeypatch.setattr(sys, "argv", [mod.rsplit(".", 1)[-1], "--help"])
test	Run tests	2025-08-18T21:25:49.5950735Z         with pytest.raises(SystemExit):
test	Run tests	2025-08-18T21:25:49.5951167Z >           runpy.run_module(mod, run_name="__main__")
test	Run tests	2025-08-18T21:25:49.5951466Z 
test	Run tests	2025-08-18T21:25:49.5951593Z tests/test_cli_smoke.py:27: 
test	Run tests	2025-08-18T21:25:49.5951974Z _ _ _ _ _ _ _ _ _ _ _ _ _ _ _ _ _ _ _ _ _ _ _ _ _ _ _ _ _ _ _ _ _ _ _ _ _ _ _ _ 
test	Run tests	2025-08-18T21:25:49.5952646Z /opt/hostedtoolcache/Python/3.10.18/x64/lib/python3.10/runpy.py:227: in run_module
test	Run tests	2025-08-18T21:25:49.5953373Z     return _run_code(code, {}, init_globals, run_name, mod_spec)
test	Run tests	2025-08-18T21:25:49.5954048Z /opt/hostedtoolcache/Python/3.10.18/x64/lib/python3.10/runpy.py:86: in _run_code
test	Run tests	2025-08-18T21:25:49.5954685Z     exec(code, run_globals)
test	Run tests	2025-08-18T21:25:49.5955056Z _ _ _ _ _ _ _ _ _ _ _ _ _ _ _ _ _ _ _ _ _ _ _ _ _ _ _ _ _ _ _ _ _ _ _ _ _ _ _ _ 
test	Run tests	2025-08-18T21:25:49.5955351Z 
test	Run tests	2025-08-18T21:25:49.5955471Z     #!/usr/bin/env python3
test	Run tests	2025-08-18T21:25:49.5955784Z     import os
test	Run tests	2025-08-18T21:25:49.5956046Z     import random
test	Run tests	2025-08-18T21:25:49.5956328Z     
test	Run tests	2025-08-18T21:25:49.5956560Z     try:
test	Run tests	2025-08-18T21:25:49.5956805Z         import mlflow
test	Run tests	2025-08-18T21:25:49.5957084Z     except Exception:
test	Run tests	2025-08-18T21:25:49.5957445Z         mlflow = None  # optional for --help/import in CI
test	Run tests	2025-08-18T21:25:49.5957860Z     if mlflow is not None:
test	Run tests	2025-08-18T21:25:49.5958190Z         try:
test	Run tests	2025-08-18T21:25:49.5958801Z             mlflow.set_tracking_uri(os.getenv("MLFLOW_TRACKING_URI", "http://127.0.0.1:5000"))
test	Run tests	2025-08-18T21:25:49.5959618Z         except Exception:
test	Run tests	2025-08-18T21:25:49.5959899Z             pass
test	Run tests	2025-08-18T21:25:49.5960197Z >   mlflow.set_experiment("sanity")
test	Run tests	2025-08-18T21:25:49.5960714Z E   AttributeError: 'NoneType' object has no attribute 'set_experiment'
test	Run tests	2025-08-18T21:25:49.5961135Z 
test	Run tests	2025-08-18T21:25:49.5961360Z scripts/evaluation/log_dummy_metrics.py:14: AttributeError
test	Run tests	2025-08-18T21:25:49.5961886Z =============================== warnings summary ===============================
test	Run tests	2025-08-18T21:25:49.5962665Z tests/test_cli_smoke.py::test_help_runs[scripts.evaluation.assert_hover_kpis]
test	Run tests	2025-08-18T21:25:49.5964770Z   /opt/hostedtoolcache/Python/3.10.18/x64/lib/python3.10/runpy.py:126: RuntimeWarning: 'scripts.evaluation.assert_hover_kpis' found in sys.modules after import of package 'scripts.evaluation', but prior to execution of 'scripts.evaluation.assert_hover_kpis'; this may result in unpredictable behaviour
test	Run tests	2025-08-18T21:25:49.5966598Z     warn(RuntimeWarning(msg))
test	Run tests	2025-08-18T21:25:49.5966879Z 
test	Run tests	2025-08-18T21:25:49.5967192Z tests/test_cli_smoke.py::test_help_runs[scripts.evaluation.assert_mission_kpis]
test	Run tests	2025-08-18T21:25:49.5969279Z   /opt/hostedtoolcache/Python/3.10.18/x64/lib/python3.10/runpy.py:126: RuntimeWarning: 'scripts.evaluation.assert_mission_kpis' found in sys.modules after import of package 'scripts.evaluation', but prior to execution of 'scripts.evaluation.assert_mission_kpis'; this may result in unpredictable behaviour
test	Run tests	2025-08-18T21:25:49.5971110Z     warn(RuntimeWarning(msg))
test	Run tests	2025-08-18T21:25:49.5971351Z 
test	Run tests	2025-08-18T21:25:49.5971656Z tests/test_cli_smoke.py::test_help_runs[scripts.evaluation.eval_perception]
test	Run tests	2025-08-18T21:25:49.5973537Z   /opt/hostedtoolcache/Python/3.10.18/x64/lib/python3.10/runpy.py:126: RuntimeWarning: 'scripts.evaluation.eval_perception' found in sys.modules after import of package 'scripts.evaluation', but prior to execution of 'scripts.evaluation.eval_perception'; this may result in unpredictable behaviour
test	Run tests	2025-08-18T21:25:49.5975193Z     warn(RuntimeWarning(msg))
test	Run tests	2025-08-18T21:25:49.5975423Z 
test	Run tests	2025-08-18T21:25:49.5975725Z tests/test_cli_smoke.py::test_help_runs[scripts.evaluation.hover_kpi_report]
test	Run tests	2025-08-18T21:25:49.5977547Z   /opt/hostedtoolcache/Python/3.10.18/x64/lib/python3.10/runpy.py:126: RuntimeWarning: 'scripts.evaluation.hover_kpi_report' found in sys.modules after import of package 'scripts.evaluation', but prior to execution of 'scripts.evaluation.hover_kpi_report'; this may result in unpredictable behaviour
test	Run tests	2025-08-18T21:25:49.5979565Z     warn(RuntimeWarning(msg))
test	Run tests	2025-08-18T21:25:49.5979798Z 
test	Run tests	2025-08-18T21:25:49.5980160Z tests/test_cli_smoke.py::test_help_runs[scripts.evaluation.waypoint_kpi_report]
test	Run tests	2025-08-18T21:25:49.5982034Z   /opt/hostedtoolcache/Python/3.10.18/x64/lib/python3.10/runpy.py:126: RuntimeWarning: 'scripts.evaluation.waypoint_kpi_report' found in sys.modules after import of package 'scripts.evaluation', but prior to execution of 'scripts.evaluation.waypoint_kpi_report'; this may result in unpredictable behaviour
test	Run tests	2025-08-18T21:25:49.5983745Z     warn(RuntimeWarning(msg))
test	Run tests	2025-08-18T21:25:49.5983969Z 
test	Run tests	2025-08-18T21:25:49.5984248Z -- Docs: https://docs.pytest.org/en/stable/how-to/capture-warnings.html
test	Run tests	2025-08-18T21:25:49.5984836Z =========================== short test summary info ============================
test	Run tests	2025-08-18T21:25:49.5985852Z FAILED tests/test_cli_smoke.py::test_imports[scripts.evaluation.log_dummy_metrics] - AttributeError: 'NoneType' object has no attribute 'set_experiment'
test	Run tests	2025-08-18T21:25:49.5987383Z FAILED tests/test_cli_smoke.py::test_help_runs[scripts.evaluation.log_dummy_metrics] - AttributeError: 'NoneType' object has no attribute 'set_experiment'
test	Run tests	2025-08-18T21:25:49.5988353Z 2 failed, 17 passed, 5 warnings in 0.98s
test	Run tests	2025-08-18T21:25:49.6645932Z ##[error]Process completed with exit code 1.
test	Post Run actions/checkout@v4	ï»¿2025-08-18T21:25:49.6744344Z Post job cleanup.
test	Post Run actions/checkout@v4	2025-08-18T21:25:49.7721424Z [command]/usr/bin/git version
test	Post Run actions/checkout@v4	2025-08-18T21:25:49.7758278Z git version 2.50.1
test	Post Run actions/checkout@v4	2025-08-18T21:25:49.7811196Z Temporarily overriding HOME='/home/runner/work/_temp/ef9d41b1-b5e6-40a9-b4e5-c752d25b492c' before making global git config changes
test	Post Run actions/checkout@v4	2025-08-18T21:25:49.7812563Z Adding repository directory to the temporary git global config as a safe directory
test	Post Run actions/checkout@v4	2025-08-18T21:25:49.7817512Z [command]/usr/bin/git config --global --add safe.directory /home/runner/work/northstrike-training/northstrike-training
test	Post Run actions/checkout@v4	2025-08-18T21:25:49.7854173Z [command]/usr/bin/git config --local --name-only --get-regexp core\.sshCommand
test	Post Run actions/checkout@v4	2025-08-18T21:25:49.7889343Z [command]/usr/bin/git submodule foreach --recursive sh -c "git config --local --name-only --get-regexp 'core\.sshCommand' && git config --local --unset-all 'core.sshCommand' || :"
test	Post Run actions/checkout@v4	2025-08-18T21:25:49.8144005Z [command]/usr/bin/git config --local --name-only --get-regexp http\.https\:\/\/github\.com\/\.extraheader
test	Post Run actions/checkout@v4	2025-08-18T21:25:49.8169489Z http.https://github.com/.extraheader
test	Post Run actions/checkout@v4	2025-08-18T21:25:49.8182983Z [command]/usr/bin/git config --local --unset-all http.https://github.com/.extraheader
test	Post Run actions/checkout@v4	2025-08-18T21:25:49.8216388Z [command]/usr/bin/git submodule foreach --recursive sh -c "git config --local --name-only --get-regexp 'http\.https\:\/\/github\.com\/\.extraheader' && git config --local --unset-all 'http.https://github.com/.extraheader' || :"
test	Complete job	ï»¿2025-08-18T21:25:49.8611811Z Cleaning up orphan processes
